Archive member included to satisfy reference by file (symbol)

C:/ST/STM32CubeIDE_1.17.0/STM32CubeIDE/plugins/com.st.stm32cube.ide.mcu.externaltools.gnu-tools-for-stm32.12.3.rel1.win32_1.1.0.202410251130/tools/bin/../lib/gcc/arm-none-eabi/12.3.1/../../../../arm-none-eabi/lib/thumb/v7-m/nofp\libstdc++_nano.a(del_ops.o)
                              ./Core/Src/player.o (operator delete(void*, unsigned int))
C:/ST/STM32CubeIDE_1.17.0/STM32CubeIDE/plugins/com.st.stm32cube.ide.mcu.externaltools.gnu-tools-for-stm32.12.3.rel1.win32_1.1.0.202410251130/tools/bin/../lib/gcc/arm-none-eabi/12.3.1/../../../../arm-none-eabi/lib/thumb/v7-m/nofp\libstdc++_nano.a(new_op.o)
                              ./Core/Src/player.o (operator new(unsigned int))
C:/ST/STM32CubeIDE_1.17.0/STM32CubeIDE/plugins/com.st.stm32cube.ide.mcu.externaltools.gnu-tools-for-stm32.12.3.rel1.win32_1.1.0.202410251130/tools/bin/../lib/gcc/arm-none-eabi/12.3.1/../../../../arm-none-eabi/lib/thumb/v7-m/nofp\libstdc++_nano.a(functexcept.o)
                              ./Core/Src/player.o (std::__throw_bad_alloc())
C:/ST/STM32CubeIDE_1.17.0/STM32CubeIDE/plugins/com.st.stm32cube.ide.mcu.externaltools.gnu-tools-for-stm32.12.3.rel1.win32_1.1.0.202410251130/tools/bin/../lib/gcc/arm-none-eabi/12.3.1/../../../../arm-none-eabi/lib/thumb/v7-m/nofp\libstdc++_nano.a(del_op.o)
                              C:/ST/STM32CubeIDE_1.17.0/STM32CubeIDE/plugins/com.st.stm32cube.ide.mcu.externaltools.gnu-tools-for-stm32.12.3.rel1.win32_1.1.0.202410251130/tools/bin/../lib/gcc/arm-none-eabi/12.3.1/../../../../arm-none-eabi/lib/thumb/v7-m/nofp\libstdc++_nano.a(del_ops.o) (operator delete(void*))
C:/ST/STM32CubeIDE_1.17.0/STM32CubeIDE/plugins/com.st.stm32cube.ide.mcu.externaltools.gnu-tools-for-stm32.12.3.rel1.win32_1.1.0.202410251130/tools/bin/../lib/gcc/arm-none-eabi/12.3.1/../../../../arm-none-eabi/lib/thumb/v7-m/nofp\libstdc++_nano.a(new_handler.o)
                              C:/ST/STM32CubeIDE_1.17.0/STM32CubeIDE/plugins/com.st.stm32cube.ide.mcu.externaltools.gnu-tools-for-stm32.12.3.rel1.win32_1.1.0.202410251130/tools/bin/../lib/gcc/arm-none-eabi/12.3.1/../../../../arm-none-eabi/lib/thumb/v7-m/nofp\libstdc++_nano.a(new_op.o) (std::get_new_handler())
C:/ST/STM32CubeIDE_1.17.0/STM32CubeIDE/plugins/com.st.stm32cube.ide.mcu.externaltools.gnu-tools-for-stm32.12.3.rel1.win32_1.1.0.202410251130/tools/bin/../lib/gcc/arm-none-eabi/12.3.1/../../../../arm-none-eabi/lib/thumb/v7-m/nofp\libc_nano.a(libc_a-abort.o)
                              C:/ST/STM32CubeIDE_1.17.0/STM32CubeIDE/plugins/com.st.stm32cube.ide.mcu.externaltools.gnu-tools-for-stm32.12.3.rel1.win32_1.1.0.202410251130/tools/bin/../lib/gcc/arm-none-eabi/12.3.1/../../../../arm-none-eabi/lib/thumb/v7-m/nofp\libstdc++_nano.a(new_op.o) (abort)
C:/ST/STM32CubeIDE_1.17.0/STM32CubeIDE/plugins/com.st.stm32cube.ide.mcu.externaltools.gnu-tools-for-stm32.12.3.rel1.win32_1.1.0.202410251130/tools/bin/../lib/gcc/arm-none-eabi/12.3.1/../../../../arm-none-eabi/lib/thumb/v7-m/nofp\libc_nano.a(libc_a-exit.o)
                              C:/ST/STM32CubeIDE_1.17.0/STM32CubeIDE/plugins/com.st.stm32cube.ide.mcu.externaltools.gnu-tools-for-stm32.12.3.rel1.win32_1.1.0.202410251130/tools/bin/../lib/gcc/arm-none-eabi/12.3.1/../../../../arm-none-eabi/lib/thumb/v7-m/nofp/crt0.o (exit)
C:/ST/STM32CubeIDE_1.17.0/STM32CubeIDE/plugins/com.st.stm32cube.ide.mcu.externaltools.gnu-tools-for-stm32.12.3.rel1.win32_1.1.0.202410251130/tools/bin/../lib/gcc/arm-none-eabi/12.3.1/../../../../arm-none-eabi/lib/thumb/v7-m/nofp\libc_nano.a(libc_a-malloc.o)
                              C:/ST/STM32CubeIDE_1.17.0/STM32CubeIDE/plugins/com.st.stm32cube.ide.mcu.externaltools.gnu-tools-for-stm32.12.3.rel1.win32_1.1.0.202410251130/tools/bin/../lib/gcc/arm-none-eabi/12.3.1/../../../../arm-none-eabi/lib/thumb/v7-m/nofp\libstdc++_nano.a(new_op.o) (malloc)
C:/ST/STM32CubeIDE_1.17.0/STM32CubeIDE/plugins/com.st.stm32cube.ide.mcu.externaltools.gnu-tools-for-stm32.12.3.rel1.win32_1.1.0.202410251130/tools/bin/../lib/gcc/arm-none-eabi/12.3.1/../../../../arm-none-eabi/lib/thumb/v7-m/nofp\libc_nano.a(libc_a-mallocr.o)
                              C:/ST/STM32CubeIDE_1.17.0/STM32CubeIDE/plugins/com.st.stm32cube.ide.mcu.externaltools.gnu-tools-for-stm32.12.3.rel1.win32_1.1.0.202410251130/tools/bin/../lib/gcc/arm-none-eabi/12.3.1/../../../../arm-none-eabi/lib/thumb/v7-m/nofp\libc_nano.a(libc_a-malloc.o) (_malloc_r)
C:/ST/STM32CubeIDE_1.17.0/STM32CubeIDE/plugins/com.st.stm32cube.ide.mcu.externaltools.gnu-tools-for-stm32.12.3.rel1.win32_1.1.0.202410251130/tools/bin/../lib/gcc/arm-none-eabi/12.3.1/../../../../arm-none-eabi/lib/thumb/v7-m/nofp\libc_nano.a(libc_a-mlock.o)
                              C:/ST/STM32CubeIDE_1.17.0/STM32CubeIDE/plugins/com.st.stm32cube.ide.mcu.externaltools.gnu-tools-for-stm32.12.3.rel1.win32_1.1.0.202410251130/tools/bin/../lib/gcc/arm-none-eabi/12.3.1/../../../../arm-none-eabi/lib/thumb/v7-m/nofp\libc_nano.a(libc_a-mallocr.o) (__malloc_lock)
[...]
Memory Configuration

Name             Origin             Length             Attributes
RAM              0x20000000         0x00005000         xrw
FLASH            0x08000000         0x00020000         xr
*default*        0x00000000         0xffffffff

Linker script and memory map

LOAD C:/ST/STM32CubeIDE_1.17.0/STM32CubeIDE/plugins/com.st.stm32cube.ide.mcu.externaltools.gnu-tools-for-stm32.12.3.rel1.win32_1.1.0.202410251130/tools/bin/../lib/gcc/arm-none-eabi/12.3.1/thumb/v7-m/nofp/crti.o
LOAD C:/ST/STM32CubeIDE_1.17.0/STM32CubeIDE/plugins/com.st.stm32cube.ide.mcu.externaltools.gnu-tools-for-stm32.12.3.rel1.win32_1.1.0.202410251130/tools/bin/../lib/gcc/arm-none-eabi/12.3.1/thumb/v7-m/nofp/crtbegin.o
LOAD C:/ST/STM32CubeIDE_1.17.0/STM32CubeIDE/plugins/com.st.stm32cube.ide.mcu.externaltools.gnu-tools-for-stm32.12.3.rel1.win32_1.1.0.202410251130/tools/bin/../lib/gcc/arm-none-eabi/12.3.1/../../../../arm-none-eabi/lib/thumb/v7-m/nofp/crt0.o
LOAD ./Core/Src/buttonState.o
LOAD ./Core/Src/gpio.o
LOAD ./Core/Src/main.o
LOAD ./Core/Src/player.o
LOAD ./Core/Src/stm32f1xx_hal_msp.o
LOAD ./Core/Src/stm32f1xx_it.o
LOAD ./Core/Src/syscalls.o
LOAD ./Core/Src/sysmem.o
LOAD ./Core/Src/system_stm32f1xx.o
LOAD ./Core/Src/tim.o
LOAD ./Core/Startup/startup_stm32f103rbtx.o
LOAD ./Drivers/STM32F1xx_HAL_Driver/Src/stm32f1xx_hal.o
LOAD ./Drivers/STM32F1xx_HAL_Driver/Src/stm32f1xx_hal_cortex.o
LOAD ./Drivers/STM32F1xx_HAL_Driver/Src/stm32f1xx_hal_dma.o
LOAD ./Drivers/STM32F1xx_HAL_Driver/Src/stm32f1xx_hal_exti.o
LOAD ./Drivers/STM32F1xx_HAL_Driver/Src/stm32f1xx_hal_flash.o
LOAD ./Drivers/STM32F1xx_HAL_Driver/Src/stm32f1xx_hal_flash_ex.o
LOAD ./Drivers/STM32F1xx_HAL_Driver/Src/stm32f1xx_hal_gpio.o
LOAD ./Drivers/STM32F1xx_HAL_Driver/Src/stm32f1xx_hal_gpio_ex.o
LOAD ./Drivers/STM32F1xx_HAL_Driver/Src/stm32f1xx_hal_pwr.o
LOAD ./Drivers/STM32F1xx_HAL_Driver/Src/stm32f1xx_hal_rcc.o
LOAD ./Drivers/STM32F1xx_HAL_Driver/Src/stm32f1xx_hal_rcc_ex.o
LOAD ./Drivers/STM32F1xx_HAL_Driver/Src/stm32f1xx_hal_tim.o
LOAD ./Drivers/STM32F1xx_HAL_Driver/Src/stm32f1xx_hal_tim_ex.o
START GROUP
LOAD C:/ST/STM32CubeIDE_1.17.0/STM32CubeIDE/plugins/com.st.stm32cube.ide.mcu.externaltools.gnu-tools-for-stm32.12.3.rel1.win32_1.1.0.202410251130/tools/bin/../lib/gcc/arm-none-eabi/12.3.1/../../../../arm-none-eabi/lib/thumb/v7-m/nofp\libstdc++_nano.a
LOAD C:/ST/STM32CubeIDE_1.17.0/STM32CubeIDE/plugins/com.st.stm32cube.ide.mcu.externaltools.gnu-tools-for-stm32.12.3.rel1.win32_1.1.0.202410251130/tools/bin/../lib/gcc/arm-none-eabi/12.3.1/../../../../arm-none-eabi/lib/thumb/v7-m/nofp\libsupc++_nano.a
END GROUP
LOAD C:/ST/STM32CubeIDE_1.17.0/STM32CubeIDE/plugins/com.st.stm32cube.ide.mcu.externaltools.gnu-tools-for-stm32.12.3.rel1.win32_1.1.0.202410251130/tools/bin/../lib/gcc/arm-none-eabi/12.3.1/../../../../arm-none-eabi/lib/thumb/v7-m/nofp\libstdc++_nano.a
LOAD C:/ST/STM32CubeIDE_1.17.0/STM32CubeIDE/plugins/com.st.stm32cube.ide.mcu.externaltools.gnu-tools-for-stm32.12.3.rel1.win32_1.1.0.202410251130/tools/bin/../lib/gcc/arm-none-eabi/12.3.1/../../../../arm-none-eabi/lib/thumb/v7-m/nofp\libm.a
LOAD C:/ST/STM32CubeIDE_1.17.0/STM32CubeIDE/plugins/com.st.stm32cube.ide.mcu.externaltools.gnu-tools-for-stm32.12.3.rel1.win32_1.1.0.202410251130/tools/bin/../lib/gcc/arm-none-eabi/12.3.1/../../../../arm-none-eabi/lib/thumb/v7-m/nofp\libc_nano.a
START GROUP
LOAD C:/ST/STM32CubeIDE_1.17.0/STM32CubeIDE/plugins/com.st.stm32cube.ide.mcu.externaltools.gnu-tools-for-stm32.12.3.rel1.win32_1.1.0.202410251130/tools/bin/../lib/gcc/arm-none-eabi/12.3.1/thumb/v7-m/nofp\libgcc.a
LOAD C:/ST/STM32CubeIDE_1.17.0/STM32CubeIDE/plugins/com.st.stm32cube.ide.mcu.externaltools.gnu-tools-for-stm32.12.3.rel1.win32_1.1.0.202410251130/tools/bin/../lib/gcc/arm-none-eabi/12.3.1/../../../../arm-none-eabi/lib/thumb/v7-m/nofp\libc_nano.a
END GROUP
START GROUP
LOAD C:/ST/STM32CubeIDE_1.17.0/STM32CubeIDE/plugins/com.st.stm32cube.ide.mcu.externaltools.gnu-tools-for-stm32.12.3.rel1.win32_1.1.0.202410251130/tools/bin/../lib/gcc/arm-none-eabi/12.3.1/thumb/v7-m/nofp\libgcc.a
LOAD C:/ST/STM32CubeIDE_1.17.0/STM32CubeIDE/plugins/com.st.stm32cube.ide.mcu.externaltools.gnu-tools-for-stm32.12.3.rel1.win32_1.1.0.202410251130/tools/bin/../lib/gcc/arm-none-eabi/12.3.1/../../../../arm-none-eabi/lib/thumb/v7-m/nofp\libc_nano.a
LOAD C:/ST/STM32CubeIDE_1.17.0/STM32CubeIDE/plugins/com.st.stm32cube.ide.mcu.externaltools.gnu-tools-for-stm32.12.3.rel1.win32_1.1.0.202410251130/tools/bin/../lib/gcc/arm-none-eabi/12.3.1/../../../../arm-none-eabi/lib/thumb/v7-m/nofp\libnosys.a
END GROUP
START GROUP
LOAD C:/ST/STM32CubeIDE_1.17.0/STM32CubeIDE/plugins/com.st.stm32cube.ide.mcu.externaltools.gnu-tools-for-stm32.12.3.rel1.win32_1.1.0.202410251130/tools/bin/../lib/gcc/arm-none-eabi/12.3.1/thumb/v7-m/nofp\libgcc.a
LOAD C:/ST/STM32CubeIDE_1.17.0/STM32CubeIDE/plugins/com.st.stm32cube.ide.mcu.externaltools.gnu-tools-for-stm32.12.3.rel1.win32_1.1.0.202410251130/tools/bin/../lib/gcc/arm-none-eabi/12.3.1/../../../../arm-none-eabi/lib/thumb/v7-m/nofp\libc_nano.a
LOAD C:/ST/STM32CubeIDE_1.17.0/STM32CubeIDE/plugins/com.st.stm32cube.ide.mcu.externaltools.gnu-tools-for-stm32.12.3.rel1.win32_1.1.0.202410251130/tools/bin/../lib/gcc/arm-none-eabi/12.3.1/../../../../arm-none-eabi/lib/thumb/v7-m/nofp\libnosys.a
END GROUP
LOAD C:/ST/STM32CubeIDE_1.17.0/STM32CubeIDE/plugins/com.st.stm32cube.ide.mcu.externaltools.gnu-tools-for-stm32.12.3.rel1.win32_1.1.0.202410251130/tools/bin/../lib/gcc/arm-none-eabi/12.3.1/thumb/v7-m/nofp/crtend.o
LOAD C:/ST/STM32CubeIDE_1.17.0/STM32CubeIDE/plugins/com.st.stm32cube.ide.mcu.externaltools.gnu-tools-for-stm32.12.3.rel1.win32_1.1.0.202410251130/tools/bin/../lib/gcc/arm-none-eabi/12.3.1/thumb/v7-m/nofp/crtn.o
                0x20005000                        _estack = (ORIGIN (RAM) + LENGTH (RAM))
                0x00000200                        _Min_Heap_Size = 0x200
                0x00000400                        _Min_Stack_Size = 0x400

.isr_vector     0x08000000      0x10c
                0x08000000                        . = ALIGN (0x4)
 *(.isr_vector)
 .isr_vector    0x08000000      0x10c ./Core/Startup/startup_stm32f103rbtx.o
                0x08000000                g_pfnVectors
                0x0800010c                        . = ALIGN (0x4)

.text           0x0800010c     0x3d1c
                0x0800010c                        . = ALIGN (0x4)
 *(.text)
 .text          0x0800010c       0x40 C:/ST/STM32CubeIDE_1.17.0/STM32CubeIDE/plugins/com.st.stm32cube.ide.mcu.externaltools.gnu-tools-for-stm32.12.3.rel1.win32_1.1.0.202410251130/tools/bin/../lib/gcc/arm-none-eabi/12.3.1/thumb/v7-m/nofp/crtbegin.o
 .text          0x0800014c      0x254 C:/ST/STM32CubeIDE_1.17.0/STM32CubeIDE/plugins/com.st.stm32cube.ide.mcu.externaltools.gnu-tools-for-stm32.12.3.rel1.win32_1.1.0.202410251130/tools/bin/../lib/gcc/arm-none-eabi/12.3.1/thumb/v7-m/nofp\libgcc.a(_arm_muldf3.o)
                0x0800014c                __muldf3
                0x0800014c                __aeabi_dmul
 .text          0x080003a0      0x378 C:/ST/STM32CubeIDE_1.17.0/STM32CubeIDE/plugins/com.st.stm32cube.ide.mcu.externaltools.gnu-tools-for-stm32.12.3.rel1.win32_1.1.0.202410251130/tools/bin/../lib/gcc/arm-none-eabi/12.3.1/thumb/v7-m/nofp\libgcc.a(_arm_addsubdf3.o)
                0x080003a0                __aeabi_drsub
                0x080003a8                __aeabi_dsub
                0x080003a8                __subdf3
                0x080003ac                __aeabi_dadd
                0x080003ac                __adddf3
                0x08000624                __floatunsidf
                0x08000624                __aeabi_ui2d
                0x08000644                __floatsidf
                0x08000644                __aeabi_i2d
                0x08000668                __aeabi_f2d
                0x08000668                __extendsfdf2
                0x080006ac                __floatundidf
                0x080006ac                __aeabi_ul2d
                0x080006bc                __floatdidf
                0x080006bc                __aeabi_l2d
 .text          0x08000718       0x40 C:/ST/STM32CubeIDE_1.17.0/STM32CubeIDE/plugins/com.st.stm32cube.ide.mcu.externaltools.gnu-tools-for-stm32.12.3.rel1.win32_1.1.0.202410251130/tools/bin/../lib/gcc/arm-none-eabi/12.3.1/thumb/v7-m/nofp\libgcc.a(_arm_fixunsdfsi.o)
                0x08000718                __aeabi_d2uiz
                0x08000718                __fixunsdfsi
 *(.text*)
 .text._ZN11buttonStateC2Ev
                0x08000758       0x20 ./Core/Src/buttonState.o
                0x08000758                buttonState::buttonState()
                0x08000758                buttonState::buttonState()
 .text.MX_GPIO_Init
                0x08000778      0x11c ./Core/Src/gpio.o
                0x08000778                MX_GPIO_Init
 .text.main     0x08000894       0x28 ./Core/Src/main.o
                0x08000894                main
 .text.SystemClock_Config
                0x080008bc       0x82 ./Core/Src/main.o
                0x080008bc                SystemClock_Config
 .text.Error_Handler
                0x0800093e        0xc ./Core/Src/main.o
                0x0800093e                Error_Handler
 .text._ZnwjPv  0x0800094a       0x16 ./Core/Src/player.o
                0x0800094a                operator new(unsigned int, void*)
 .text._ZSt16__deque_buf_sizej
                0x08000960       0x28 ./Core/Src/player.o
                0x08000960                std::__deque_buf_size(unsigned int)
 .text._Z21handle_button_triggerv
                0x08000988       0xd4 ./Core/Src/player.o
                0x08000988                handle_button_trigger()
 .text._Z7get_arr4note
                0x08000a5c       0x70 ./Core/Src/player.o
                0x08000a5c                get_arr(note)
 .text._Z9play_tunev
                0x08000acc       0x9c ./Core/Src/player.o
                0x08000acc                play_tune()
 .text.loop     0x08000b68       0x98 ./Core/Src/player.o
                0x08000b68                loop
 .text.HAL_GPIO_EXTI_Callback
                0x08000c00      0x14c ./Core/Src/player.o
                0x08000c00                HAL_GPIO_EXTI_Callback
 .text._ZNSt5dequeI11buttonStateSaIS0_EEC2Ev
                0x08000d4c       0x1a ./Core/Src/player.o
                0x08000d4c                std::deque<buttonState, std::allocator<buttonState> >::deque()
                0x08000d4c                std::deque<buttonState, std::allocator<buttonState> >::deque()
 .text._ZNSt5stackI11buttonStateSt5dequeIS0_SaIS0_EEEC2IS3_vEEv
                0x08000d66       0x28 ./Core/Src/player.o
                0x08000d66                std::stack<buttonState, std::deque<buttonState, std::allocator<buttonState> > >::stack<std::deque<buttonState, std::allocator<buttonState> >, void>()
                0x08000d66                std::stack<buttonState, std::deque<buttonState, std::allocator<buttonState> > >::stack<std::deque<buttonState, std::allocator<buttonState> >, void>()
 .text._ZNKSt5stackI11buttonStateSt5dequeIS0_SaIS0_EEE5emptyEv
                0x08000d8e       0x1a ./Core/Src/player.o
                0x08000d8e                std::stack<buttonState, std::deque<buttonState, std::allocator<buttonState> > >::empty() const
 .text._ZNSt5stackI11buttonStateSt5dequeIS0_SaIS0_EEE3topEv
                0x08000da8       0x1a ./Core/Src/player.o
                0x08000da8                std::stack<buttonState, std::deque<buttonState, std::allocator<buttonState> > >::top()
 .text._ZNSt5stackI11buttonStateSt5dequeIS0_SaIS0_EEE3popEv
                0x08000dc2       0x18 ./Core/Src/player.o
                0x08000dc2                std::stack<buttonState, std::deque<buttonState, std::allocator<buttonState> > >::pop()
 .text._ZNSt5stackI11buttonStateSt5dequeIS0_SaIS0_EEE4pushERKS0_
                0x08000dda       0x1c ./Core/Src/player.o
                0x08000dda                std::stack<buttonState, std::deque<buttonState, std::allocator<buttonState> > >::push(buttonState const&)
 .text._ZNSt11_Deque_baseI11buttonStateSaIS0_EE11_Deque_implD2Ev
                0x08000df6       0x18 ./Core/Src/player.o
                0x08000df6                std::_Deque_base<buttonState, std::allocator<buttonState> >::_Deque_impl::~_Deque_impl()
                0x08000df6                std::_Deque_base<buttonState, std::allocator<buttonState> >::_Deque_impl::~_Deque_impl()
 .text._ZNSt11_Deque_baseI11buttonStateSaIS0_EEC2Ev
                0x08000e0e       0x22 ./Core/Src/player.o
                0x08000e0e                std::_Deque_base<buttonState, std::allocator<buttonState> >::_Deque_base()
                0x08000e0e                std::_Deque_base<buttonState, std::allocator<buttonState> >::_Deque_base()
 .text._ZNSt11_Deque_baseI11buttonStateSaIS0_EED2Ev
                0x08000e30       0x44 ./Core/Src/player.o
                0x08000e30                std::_Deque_base<buttonState, std::allocator<buttonState> >::~_Deque_base()
                0x08000e30                std::_Deque_base<buttonState, std::allocator<buttonState> >::~_Deque_base()
 .text._ZNSt5dequeI11buttonStateSaIS0_EED2Ev
                0x08000e74       0x4a ./Core/Src/player.o
                0x08000e74                std::deque<buttonState, std::allocator<buttonState> >::~deque()
                0x08000e74                std::deque<buttonState, std::allocator<buttonState> >::~deque()
 .text._ZNKSt5dequeI11buttonStateSaIS0_EE5emptyEv
                0x08000ebe       0x24 ./Core/Src/player.o
                0x08000ebe                std::deque<buttonState, std::allocator<buttonState> >::empty() const
 .text._ZNSt5dequeI11buttonStateSaIS0_EE4backEv
                0x08000ee2       0x32 ./Core/Src/player.o
                0x08000ee2                std::deque<buttonState, std::allocator<buttonState> >::back()
 .text._ZNSt5dequeI11buttonStateSaIS0_EE8pop_backEv
                0x08000f14       0x46 ./Core/Src/player.o
                0x08000f14                std::deque<buttonState, std::allocator<buttonState> >::pop_back()
 .text._ZNSt5dequeI11buttonStateSaIS0_EE9push_backERKS0_
                0x08000f5a       0x44 ./Core/Src/player.o
                0x08000f5a                std::deque<buttonState, std::allocator<buttonState> >::push_back(buttonState const&)
 .text._ZNSt11_Deque_baseI11buttonStateSaIS0_EE11_Deque_implC2Ev
                0x08000f9e       0x20 ./Core/Src/player.o
                0x08000f9e                std::_Deque_base<buttonState, std::allocator<buttonState> >::_Deque_impl::_Deque_impl()
                0x08000f9e                std::_Deque_base<buttonState, std::allocator<buttonState> >::_Deque_impl::_Deque_impl()
 .text._ZNSaI11buttonStateED2Ev
                0x08000fbe       0x18 ./Core/Src/player.o
                0x08000fbe                std::allocator<buttonState>::~allocator()
                0x08000fbe                std::allocator<buttonState>::~allocator()
 .text._ZNSt11_Deque_baseI11buttonStateSaIS0_EE17_M_initialize_mapEj
                0x08000fd6       0xc6 ./Core/Src/player.o
                0x08000fd6                std::_Deque_base<buttonState, std::allocator<buttonState> >::_M_initialize_map(unsigned int)
 .text._ZNSt11_Deque_baseI11buttonStateSaIS0_EE16_M_destroy_nodesEPPS0_S4_
                0x0800109c       0x36 ./Core/Src/player.o
                0x0800109c                std::_Deque_base<buttonState, std::allocator<buttonState> >::_M_destroy_nodes(buttonState**, buttonState**)
 .text._ZNSt11_Deque_baseI11buttonStateSaIS0_EE17_M_deallocate_mapEPPS0_j
                0x080010d2       0x36 ./Core/Src/player.o
                0x080010d2                std::_Deque_base<buttonState, std::allocator<buttonState> >::_M_deallocate_map(buttonState**, unsigned int)
 .text._ZNSt5dequeI11buttonStateSaIS0_EE5beginEv
                0x08001108       0x1e ./Core/Src/player.o
                0x08001108                std::deque<buttonState, std::allocator<buttonState> >::begin()
 .text._ZNSt5dequeI11buttonStateSaIS0_EE3endEv
                0x08001126       0x1e ./Core/Src/player.o
                0x08001126                std::deque<buttonState, std::allocator<buttonState> >::end()
 .text._ZNSt11_Deque_baseI11buttonStateSaIS0_EE19_M_get_Tp_allocatorEv
                0x08001144       0x14 ./Core/Src/player.o
                0x08001144                std::_Deque_base<buttonState, std::allocator<buttonState> >::_M_get_Tp_allocator()
 .text._ZNSt15_Deque_iteratorI11buttonStateRS0_PS0_EC2ERKS3_
                0x08001158       0x36 ./Core/Src/player.o
                0x08001158                std::_Deque_iterator<buttonState, buttonState&, buttonState*>::_Deque_iterator(std::_Deque_iterator<buttonState, buttonState&, buttonState*> const&)
                0x08001158                std::_Deque_iterator<buttonState, buttonState&, buttonState*>::_Deque_iterator(std::_Deque_iterator<buttonState, buttonState&, buttonState*> const&)
 .text._ZNSt5dequeI11buttonStateSaIS0_EE15_M_destroy_dataESt15_Deque_iteratorIS0_RS0_PS0_ES6_RKS1_
                0x0800118e       0x18 ./Core/Src/player.o
                0x0800118e                std::deque<buttonState, std::allocator<buttonState> >::_M_destroy_data(std::_Deque_iterator<buttonState, buttonState&, buttonState*>, std::_Deque_iterator<buttonState, buttonState&, buttonState*>, std::allocator<buttonState> const&)
 .text._ZSteqRKSt15_Deque_iteratorI11buttonStateRS0_PS0_ES5_
                0x080011a6       0x26 ./Core/Src/player.o
                0x080011a6                std::operator==(std::_Deque_iterator<buttonState, buttonState&, buttonState*> const&, std::_Deque_iterator<buttonState, buttonState&, buttonState*> const&)
 .text._ZNSt15_Deque_iteratorI11buttonStateRS0_PS0_EmmEv
                0x080011cc       0x40 ./Core/Src/player.o
                0x080011cc                std::_Deque_iterator<buttonState, buttonState&, buttonState*>::operator--()
 .text._ZNKSt15_Deque_iteratorI11buttonStateRS0_PS0_EdeEv
                0x0800120c       0x16 ./Core/Src/player.o
                0x0800120c                std::_Deque_iterator<buttonState, buttonState&, buttonState*>::operator*() const
 .text._ZNSt16allocator_traitsISaI11buttonStateEE7destroyIS0_EEvRS1_PT_
                0x08001222       0x1a ./Core/Src/player.o
                0x08001222                void std::allocator_traits<std::allocator<buttonState> >::destroy<buttonState>(std::allocator<buttonState>&, buttonState*)
 .text._ZNSt5dequeI11buttonStateSaIS0_EE15_M_pop_back_auxEv
                0x0800123c       0x54 ./Core/Src/player.o
                0x0800123c                std::deque<buttonState, std::allocator<buttonState> >::_M_pop_back_aux()
 .text._ZNSt16allocator_traitsISaI11buttonStateEE9constructIS0_JRKS0_EEEvRS1_PT_DpOT0_
                0x08001290       0x26 ./Core/Src/player.o
                0x08001290                void std::allocator_traits<std::allocator<buttonState> >::construct<buttonState, buttonState const&>(std::allocator<buttonState>&, buttonState*, buttonState const&)
 *fill*         0x080012b6        0x2 
 .text._ZNSt5dequeI11buttonStateSaIS0_EE16_M_push_back_auxIJRKS0_EEEvDpOT_
                0x080012b8       0x88 ./Core/Src/player.o
                0x080012b8                void std::deque<buttonState, std::allocator<buttonState> >::_M_push_back_aux<buttonState const&>(buttonState const&)
 .text._ZNSaI11buttonStateEC2Ev
                0x08001340       0x18 ./Core/Src/player.o
                0x08001340                std::allocator<buttonState>::allocator()
                0x08001340                std::allocator<buttonState>::allocator()
 .text._ZNSt11_Deque_baseI11buttonStateSaIS0_EE16_Deque_impl_dataC2Ev
                0x08001358       0x32 ./Core/Src/player.o
                0x08001358                std::_Deque_base<buttonState, std::allocator<buttonState> >::_Deque_impl_data::_Deque_impl_data()
                0x08001358                std::_Deque_base<buttonState, std::allocator<buttonState> >::_Deque_impl_data::_Deque_impl_data()
 .text._ZNSt15__new_allocatorI11buttonStateED2Ev
                0x0800138a       0x14 ./Core/Src/player.o
                0x0800138a                std::__new_allocator<buttonState>::~__new_allocator()
                0x0800138a                std::__new_allocator<buttonState>::~__new_allocator()
 .text._ZSt3maxIjERKT_S2_S2_
                0x0800139e       0x26 ./Core/Src/player.o
                0x0800139e                unsigned int const& std::max<unsigned int>(unsigned int const&, unsigned int const&)
 .text._ZNSt11_Deque_baseI11buttonStateSaIS0_EE15_M_allocate_mapEj
                0x080013c4       0x3a ./Core/Src/player.o
                0x080013c4                std::_Deque_base<buttonState, std::allocator<buttonState> >::_M_allocate_map(unsigned int)
 .text._ZNSt11_Deque_baseI11buttonStateSaIS0_EE15_M_create_nodesEPPS0_S4_
                0x080013fe       0x36 ./Core/Src/player.o
                0x080013fe                std::_Deque_base<buttonState, std::allocator<buttonState> >::_M_create_nodes(buttonState**, buttonState**)
 .text._ZNSt15_Deque_iteratorI11buttonStateRS0_PS0_E11_M_set_nodeEPS2_
                0x08001434       0x32 ./Core/Src/player.o
                0x08001434                std::_Deque_iterator<buttonState, buttonState&, buttonState*>::_M_set_node(buttonState**)
 .text._ZNSt11_Deque_baseI11buttonStateSaIS0_EE18_M_deallocate_nodeEPS0_
                0x08001466       0x26 ./Core/Src/player.o
                0x08001466                std::_Deque_base<buttonState, std::allocator<buttonState> >::_M_deallocate_node(buttonState*)
 .text._ZNKSt11_Deque_baseI11buttonStateSaIS0_EE20_M_get_map_allocatorEv
                0x0800148c       0x22 ./Core/Src/player.o
                0x0800148c                std::_Deque_base<buttonState, std::allocator<buttonState> >::_M_get_map_allocator() const
 .text._ZNSaIP11buttonStateED2Ev
                0x080014ae       0x18 ./Core/Src/player.o
                0x080014ae                std::allocator<buttonState*>::~allocator()
                0x080014ae                std::allocator<buttonState*>::~allocator()
 .text._ZNSt16allocator_traitsISaIP11buttonStateEE10deallocateERS2_PS1_j
                0x080014c6       0x1e ./Core/Src/player.o
                0x080014c6                std::allocator_traits<std::allocator<buttonState*> >::deallocate(std::allocator<buttonState*>&, buttonState**, unsigned int)
 .text._ZNSt15__new_allocatorI11buttonStateE7destroyIS0_EEvPT_
                0x080014e4       0x14 ./Core/Src/player.o
                0x080014e4                void std::__new_allocator<buttonState>::destroy<buttonState>(buttonState*)
 .text._ZSt7forwardIRK11buttonStateEOT_RNSt16remove_referenceIS3_E4typeE
                0x080014f8       0x14 ./Core/Src/player.o
                0x080014f8                buttonState const& std::forward<buttonState const&>(std::remove_reference<buttonState const&>::type&)
 .text._ZNSt15__new_allocatorI11buttonStateE9constructIS0_JRKS0_EEEvPT_DpOT0_
                0x0800150c       0x32 ./Core/Src/player.o
                0x0800150c                void std::__new_allocator<buttonState>::construct<buttonState, buttonState const&>(buttonState*, buttonState const&)
 .text._ZNKSt5dequeI11buttonStateSaIS0_EE4sizeEv
                0x0800153e       0x24 ./Core/Src/player.o
                0x0800153e                std::deque<buttonState, std::allocator<buttonState> >::size() const
 .text._ZNKSt5dequeI11buttonStateSaIS0_EE8max_sizeEv
                0x08001562       0x22 ./Core/Src/player.o
                0x08001562                std::deque<buttonState, std::allocator<buttonState> >::max_size() const
 .text._ZNSt5dequeI11buttonStateSaIS0_EE22_M_reserve_map_at_backEj
                0x08001584       0x36 ./Core/Src/player.o
                0x08001584                std::deque<buttonState, std::allocator<buttonState> >::_M_reserve_map_at_back(unsigned int)
 .text._ZNSt11_Deque_baseI11buttonStateSaIS0_EE16_M_allocate_nodeEv
                0x080015ba       0x24 ./Core/Src/player.o
                0x080015ba                std::_Deque_base<buttonState, std::allocator<buttonState> >::_M_allocate_node()
 .text._ZNSt15__new_allocatorI11buttonStateEC2Ev
                0x080015de       0x14 ./Core/Src/player.o
                0x080015de                std::__new_allocator<buttonState>::__new_allocator()
                0x080015de                std::__new_allocator<buttonState>::__new_allocator()
 .text._ZNSt15_Deque_iteratorI11buttonStateRS0_PS0_EC2Ev
                0x080015f2       0x2c ./Core/Src/player.o
                0x080015f2                std::_Deque_iterator<buttonState, buttonState&, buttonState*>::_Deque_iterator()
                0x080015f2                std::_Deque_iterator<buttonState, buttonState&, buttonState*>::_Deque_iterator()
 .text._ZNSt16allocator_traitsISaIP11buttonStateEE8allocateERS2_j
                0x0800161e       0x1e ./Core/Src/player.o
                0x0800161e                std::allocator_traits<std::allocator<buttonState*> >::allocate(std::allocator<buttonState*>&, unsigned int)
 .text._ZNSt15_Deque_iteratorI11buttonStateRS0_PS0_E14_S_buffer_sizeEv
                0x0800163c       0x10 ./Core/Src/player.o
                0x0800163c                std::_Deque_iterator<buttonState, buttonState&, buttonState*>::_S_buffer_size()
 .text._ZNSt16allocator_traitsISaI11buttonStateEE10deallocateERS1_PS0_j
                0x0800164c       0x1e ./Core/Src/player.o
                0x0800164c                std::allocator_traits<std::allocator<buttonState> >::deallocate(std::allocator<buttonState>&, buttonState*, unsigned int)
 .text._ZNKSt11_Deque_baseI11buttonStateSaIS0_EE19_M_get_Tp_allocatorEv
                0x0800166a       0x14 ./Core/Src/player.o
                0x0800166a                std::_Deque_base<buttonState, std::allocator<buttonState> >::_M_get_Tp_allocator() const
 .text._ZNSaIP11buttonStateEC2IS_EERKSaIT_E
                0x0800167e       0x1a ./Core/Src/player.o
                0x0800167e                std::allocator<buttonState*>::allocator<buttonState>(std::allocator<buttonState> const&)
                0x0800167e                std::allocator<buttonState*>::allocator<buttonState>(std::allocator<buttonState> const&)
 .text._ZNSt15__new_allocatorIP11buttonStateED2Ev
                0x08001698       0x14 ./Core/Src/player.o
                0x08001698                std::__new_allocator<buttonState*>::~__new_allocator()
                0x08001698                std::__new_allocator<buttonState*>::~__new_allocator()
 .text._ZNSt15__new_allocatorIP11buttonStateE10deallocateEPS1_j
                0x080016ac       0x20 ./Core/Src/player.o
                0x080016ac                std::__new_allocator<buttonState*>::deallocate(buttonState**, unsigned int)
 .text._ZStmiRKSt15_Deque_iteratorI11buttonStateRS0_PS0_ES5_
                0x080016cc       0x58 ./Core/Src/player.o
                0x080016cc                std::operator-(std::_Deque_iterator<buttonState, buttonState&, buttonState*> const&, std::_Deque_iterator<buttonState, buttonState&, buttonState*> const&)
 .text._ZNSt5dequeI11buttonStateSaIS0_EE11_S_max_sizeERKS1_
                0x08001724       0x34 ./Core/Src/player.o
                0x08001724                std::deque<buttonState, std::allocator<buttonState> >::_S_max_size(std::allocator<buttonState> const&)
 .text._ZNSt5dequeI11buttonStateSaIS0_EE17_M_reallocate_mapEjb
                0x08001758      0x134 ./Core/Src/player.o
                0x08001758                std::deque<buttonState, std::allocator<buttonState> >::_M_reallocate_map(unsigned int, bool)
 .text._ZNSt16allocator_traitsISaI11buttonStateEE8allocateERS1_j
                0x0800188c       0x1e ./Core/Src/player.o
                0x0800188c                std::allocator_traits<std::allocator<buttonState> >::allocate(std::allocator<buttonState>&, unsigned int)
 .text._ZNSt15__new_allocatorIP11buttonStateE8allocateEjPKv
                0x080018aa       0x52 ./Core/Src/player.o
                0x080018aa                std::__new_allocator<buttonState*>::allocate(unsigned int, void const*)
 .text._ZNSt15__new_allocatorI11buttonStateE10deallocateEPS0_j
                0x080018fc       0x20 ./Core/Src/player.o
                0x080018fc                std::__new_allocator<buttonState>::deallocate(buttonState*, unsigned int)
 .text._ZNSt15__new_allocatorIP11buttonStateEC2Ev
                0x0800191c       0x14 ./Core/Src/player.o
                0x0800191c                std::__new_allocator<buttonState*>::__new_allocator()
                0x0800191c                std::__new_allocator<buttonState*>::__new_allocator()
 .text._ZNSt16allocator_traitsISaI11buttonStateEE8max_sizeERKS1_
                0x08001930       0x18 ./Core/Src/player.o
                0x08001930                std::allocator_traits<std::allocator<buttonState> >::max_size(std::allocator<buttonState> const&)
 .text._ZSt3minIjERKT_S2_S2_
                0x08001948       0x26 ./Core/Src/player.o
                0x08001948                unsigned int const& std::min<unsigned int>(unsigned int const&, unsigned int const&)
 .text._ZSt4copyIPP11buttonStateS2_ET0_T_S4_S3_
                0x0800196e       0x30 ./Core/Src/player.o
                0x0800196e                buttonState** std::copy<buttonState**, buttonState**>(buttonState**, buttonState**, buttonState**)
 .text._ZSt13copy_backwardIPP11buttonStateS2_ET0_T_S4_S3_
                0x0800199e       0x30 ./Core/Src/player.o
                0x0800199e                buttonState** std::copy_backward<buttonState**, buttonState**>(buttonState**, buttonState**, buttonState**)
 .text._ZNSt15__new_allocatorI11buttonStateE8allocateEjPKv
                0x080019ce       0x52 ./Core/Src/player.o
                0x080019ce                std::__new_allocator<buttonState>::allocate(unsigned int, void const*)
 .text._ZNKSt15__new_allocatorIP11buttonStateE11_M_max_sizeEv
                0x08001a20       0x16 ./Core/Src/player.o
                0x08001a20                std::__new_allocator<buttonState*>::_M_max_size() const
 .text._ZNKSt15__new_allocatorI11buttonStateE8max_sizeEv
                0x08001a36       0x18 ./Core/Src/player.o
                0x08001a36                std::__new_allocator<buttonState>::max_size() const
 .text._ZSt12__miter_baseIPP11buttonStateET_S3_
                0x08001a4e       0x14 ./Core/Src/player.o
                0x08001a4e                buttonState** std::__miter_base<buttonState**>(buttonState**)
 .text._ZSt13__copy_move_aILb0EPP11buttonStateS2_ET1_T0_S4_S3_
                0x08001a62       0x46 ./Core/Src/player.o
                0x08001a62                buttonState** std::__copy_move_a<false, buttonState**, buttonState**>(buttonState**, buttonState**, buttonState**)
 .text._ZSt22__copy_move_backward_aILb0EPP11buttonStateS2_ET1_T0_S4_S3_
                0x08001aa8       0x46 ./Core/Src/player.o
                0x08001aa8                buttonState** std::__copy_move_backward_a<false, buttonState**, buttonState**>(buttonState**, buttonState**, buttonState**)
 .text._ZNKSt15__new_allocatorI11buttonStateE11_M_max_sizeEv
                0x08001aee       0x16 ./Core/Src/player.o
                0x08001aee                std::__new_allocator<buttonState>::_M_max_size() const
 .text._ZSt12__niter_baseIPP11buttonStateET_S3_
                0x08001b04       0x14 ./Core/Src/player.o
                0x08001b04                buttonState** std::__niter_base<buttonState**>(buttonState**)
 .text._ZSt14__copy_move_a1ILb0EPP11buttonStateS2_ET1_T0_S4_S3_
                0x08001b18       0x20 ./Core/Src/player.o
                0x08001b18                buttonState** std::__copy_move_a1<false, buttonState**, buttonState**>(buttonState**, buttonState**, buttonState**)
 .text._ZSt12__niter_wrapIPP11buttonStateET_RKS3_S3_
                0x08001b38       0x16 ./Core/Src/player.o
                0x08001b38                buttonState** std::__niter_wrap<buttonState**>(buttonState** const&, buttonState**)
 .text._ZSt23__copy_move_backward_a1ILb0EPP11buttonStateS2_ET1_T0_S4_S3_
                0x08001b4e       0x20 ./Core/Src/player.o
                0x08001b4e                buttonState** std::__copy_move_backward_a1<false, buttonState**, buttonState**>(buttonState**, buttonState**, buttonState**)
 .text._ZSt14__copy_move_a2ILb0EPP11buttonStateS2_ET1_T0_S4_S3_
                0x08001b6e       0x20 ./Core/Src/player.o
                0x08001b6e                buttonState** std::__copy_move_a2<false, buttonState**, buttonState**>(buttonState**, buttonState**, buttonState**)
 .text._ZSt23__copy_move_backward_a2ILb0EPP11buttonStateS2_ET1_T0_S4_S3_
                0x08001b8e       0x20 ./Core/Src/player.o
                0x08001b8e                buttonState** std::__copy_move_backward_a2<false, buttonState**, buttonState**>(buttonState**, buttonState**, buttonState**)
 .text._ZNSt11__copy_moveILb0ELb1ESt26random_access_iterator_tagE8__copy_mIP11buttonStateEEPT_PKS5_S8_S6_
                0x08001bae       0x3a ./Core/Src/player.o
                0x08001bae                buttonState** std::__copy_move<false, true, std::random_access_iterator_tag>::__copy_m<buttonState*>(buttonState* const*, buttonState* const*, buttonState**)
 .text._ZNSt20__copy_move_backwardILb0ELb1ESt26random_access_iterator_tagE13__copy_move_bIP11buttonStateEEPT_PKS5_S8_S6_
                0x08001be8       0x44 ./Core/Src/player.o
                0x08001be8                buttonState** std::__copy_move_backward<false, true, std::random_access_iterator_tag>::__copy_move_b<buttonState*>(buttonState* const*, buttonState* const*, buttonState**)
 .text._ZNSt5stackI11buttonStateSt5dequeIS0_SaIS0_EEED2Ev
                0x08001c2c       0x1a ./Core/Src/player.o
                0x08001c2c                std::stack<buttonState, std::deque<buttonState, std::allocator<buttonState> > >::~stack()
                0x08001c2c                std::stack<buttonState, std::deque<buttonState, std::allocator<buttonState> > >::~stack()
 *fill*         0x08001c46        0x2 
 .text._Z41__static_initialization_and_destruction_0ii
                0x08001c48       0x4c ./Core/Src/player.o
 .text._GLOBAL__sub_I_button_push_detected_time
                0x08001c94       0x10 ./Core/Src/player.o
 .text._GLOBAL__sub_D_button_push_detected_time
                0x08001ca4       0x10 ./Core/Src/player.o
 .text.HAL_MspInit
                0x08001cb4       0x64 ./Core/Src/stm32f1xx_hal_msp.o
                0x08001cb4                HAL_MspInit
 .text.NMI_Handler
                0x08001d18        0x8 ./Core/Src/stm32f1xx_it.o
                0x08001d18                NMI_Handler
 .text.HardFault_Handler
                0x08001d20        0x8 ./Core/Src/stm32f1xx_it.o
                0x08001d20                HardFault_Handler
 .text.MemManage_Handler
                0x08001d28        0x8 ./Core/Src/stm32f1xx_it.o
                0x08001d28                MemManage_Handler
 .text.BusFault_Handler
                0x08001d30        0x8 ./Core/Src/stm32f1xx_it.o
                0x08001d30                BusFault_Handler
 .text.UsageFault_Handler
                0x08001d38        0x8 ./Core/Src/stm32f1xx_it.o
                0x08001d38                UsageFault_Handler
 .text.SVC_Handler
                0x08001d40        0xc ./Core/Src/stm32f1xx_it.o
                0x08001d40                SVC_Handler
 .text.DebugMon_Handler
                0x08001d4c        0xc ./Core/Src/stm32f1xx_it.o
                0x08001d4c                DebugMon_Handler
 .text.PendSV_Handler
                0x08001d58        0xc ./Core/Src/stm32f1xx_it.o
                0x08001d58                PendSV_Handler
 .text.SysTick_Handler
                0x08001d64        0xc ./Core/Src/stm32f1xx_it.o
                0x08001d64                SysTick_Handler
 .text.EXTI1_IRQHandler
                0x08001d70        0xe ./Core/Src/stm32f1xx_it.o
                0x08001d70                EXTI1_IRQHandler
 .text.EXTI4_IRQHandler
                0x08001d7e        0xe ./Core/Src/stm32f1xx_it.o
                0x08001d7e                EXTI4_IRQHandler
 .text.EXTI9_5_IRQHandler
                0x08001d8c       0x2a ./Core/Src/stm32f1xx_it.o
                0x08001d8c                EXTI9_5_IRQHandler
 .text.EXTI15_10_IRQHandler
                0x08001db6       0x10 ./Core/Src/stm32f1xx_it.o
                0x08001db6                EXTI15_10_IRQHandler
 .text._getpid  0x08001dc6        0xe ./Core/Src/syscalls.o
                0x08001dc6                _getpid
 .text._kill    0x08001dd4       0x20 ./Core/Src/syscalls.o
                0x08001dd4                _kill
 .text._exit    0x08001df4       0x16 ./Core/Src/syscalls.o
                0x08001df4                _exit
 *fill*         0x08001e0a        0x2 
 .text._sbrk    0x08001e0c       0x6c ./Core/Src/sysmem.o
                0x08001e0c                _sbrk
 .text.SystemInit
                0x08001e78        0xc ./Core/Src/system_stm32f1xx.o
                0x08001e78                SystemInit
 .text.MX_TIM2_Init
                0x08001e84       0xec ./Core/Src/tim.o
                0x08001e84                MX_TIM2_Init
 .text.HAL_TIM_Base_MspInit
                0x08001f70       0x38 ./Core/Src/tim.o
                0x08001f70                HAL_TIM_Base_MspInit
 .text.HAL_TIM_MspPostInit
                0x08001fa8       0x60 ./Core/Src/tim.o
                0x08001fa8                HAL_TIM_MspPostInit
 .text.Reset_Handler
                0x08002008       0x48 ./Core/Startup/startup_stm32f103rbtx.o
                0x08002008                Reset_Handler
 .text.Default_Handler
                0x08002050        0x2 ./Core/Startup/startup_stm32f103rbtx.o
                0x08002050                RTC_Alarm_IRQHandler
                0x08002050                EXTI2_IRQHandler
                0x08002050                TIM1_CC_IRQHandler
                0x08002050                PVD_IRQHandler
                0x08002050                EXTI3_IRQHandler
                0x08002050                EXTI0_IRQHandler
                0x08002050                I2C2_EV_IRQHandler
                0x08002050                ADC1_2_IRQHandler
                0x08002050                SPI1_IRQHandler
                0x08002050                TAMPER_IRQHandler
                0x08002050                DMA1_Channel4_IRQHandler
                0x08002050                USART3_IRQHandler
                0x08002050                RTC_IRQHandler
                0x08002050                DMA1_Channel7_IRQHandler
                0x08002050                CAN1_RX1_IRQHandler
                0x08002050                TIM4_IRQHandler
                0x08002050                I2C1_EV_IRQHandler
                0x08002050                DMA1_Channel6_IRQHandler
                0x08002050                TIM3_IRQHandler
                0x08002050                RCC_IRQHandler
                0x08002050                TIM1_TRG_COM_IRQHandler
                0x08002050                DMA1_Channel1_IRQHandler
                0x08002050                Default_Handler
                0x08002050                SPI2_IRQHandler
                0x08002050                DMA1_Channel5_IRQHandler
                0x08002050                USB_LP_CAN1_RX0_IRQHandler
                0x08002050                USB_HP_CAN1_TX_IRQHandler
                0x08002050                DMA1_Channel3_IRQHandler
                0x08002050                TIM1_UP_IRQHandler
                0x08002050                WWDG_IRQHandler
                0x08002050                TIM2_IRQHandler
                0x08002050                TIM1_BRK_IRQHandler
                0x08002050                USART2_IRQHandler
                0x08002050                I2C2_ER_IRQHandler
                0x08002050                DMA1_Channel2_IRQHandler
                0x08002050                CAN1_SCE_IRQHandler
                0x08002050                FLASH_IRQHandler
                0x08002050                USART1_IRQHandler
                0x08002050                I2C1_ER_IRQHandler
                0x08002050                USBWakeUp_IRQHandler
 *fill*         0x08002052        0x2 
 .text.HAL_Init
                0x08002054       0x2c ./Drivers/STM32F1xx_HAL_Driver/Src/stm32f1xx_hal.o
                0x08002054                HAL_Init
 .text.HAL_InitTick
                0x08002080       0x60 ./Drivers/STM32F1xx_HAL_Driver/Src/stm32f1xx_hal.o
                0x08002080                HAL_InitTick
 .text.HAL_IncTick
                0x080020e0       0x24 ./Drivers/STM32F1xx_HAL_Driver/Src/stm32f1xx_hal.o
                0x080020e0                HAL_IncTick
 .text.HAL_GetTick
                0x08002104       0x14 ./Drivers/STM32F1xx_HAL_Driver/Src/stm32f1xx_hal.o
                0x08002104                HAL_GetTick
 .text.HAL_Delay
                0x08002118       0x48 ./Drivers/STM32F1xx_HAL_Driver/Src/stm32f1xx_hal.o
                0x08002118                HAL_Delay
 .text.__NVIC_SetPriorityGrouping
                0x08002160       0x48 ./Drivers/STM32F1xx_HAL_Driver/Src/stm32f1xx_hal_cortex.o
 .text.__NVIC_GetPriorityGrouping
                0x080021a8       0x1c ./Drivers/STM32F1xx_HAL_Driver/Src/stm32f1xx_hal_cortex.o
 .text.__NVIC_EnableIRQ
                0x080021c4       0x38 ./Drivers/STM32F1xx_HAL_Driver/Src/stm32f1xx_hal_cortex.o
 .text.__NVIC_SetPriority
                0x080021fc       0x54 ./Drivers/STM32F1xx_HAL_Driver/Src/stm32f1xx_hal_cortex.o
 .text.NVIC_EncodePriority
                0x08002250       0x64 ./Drivers/STM32F1xx_HAL_Driver/Src/stm32f1xx_hal_cortex.o
 .text.SysTick_Config
                0x080022b4       0x44 ./Drivers/STM32F1xx_HAL_Driver/Src/stm32f1xx_hal_cortex.o
 .text.HAL_NVIC_SetPriorityGrouping
                0x080022f8       0x16 ./Drivers/STM32F1xx_HAL_Driver/Src/stm32f1xx_hal_cortex.o
                0x080022f8                HAL_NVIC_SetPriorityGrouping
 .text.HAL_NVIC_SetPriority
                0x0800230e       0x38 ./Drivers/STM32F1xx_HAL_Driver/Src/stm32f1xx_hal_cortex.o
                0x0800230e                HAL_NVIC_SetPriority
 .text.HAL_NVIC_EnableIRQ
                0x08002346       0x1c ./Drivers/STM32F1xx_HAL_Driver/Src/stm32f1xx_hal_cortex.o
                0x08002346                HAL_NVIC_EnableIRQ
 .text.HAL_SYSTICK_Config
                0x08002362       0x18 ./Drivers/STM32F1xx_HAL_Driver/Src/stm32f1xx_hal_cortex.o
                0x08002362                HAL_SYSTICK_Config
 *fill*         0x0800237a        0x2 
 .text.HAL_GPIO_Init
                0x0800237c      0x308 ./Drivers/STM32F1xx_HAL_Driver/Src/stm32f1xx_hal_gpio.o
                0x0800237c                HAL_GPIO_Init
 .text.HAL_GPIO_ReadPin
                0x08002684       0x2e ./Drivers/STM32F1xx_HAL_Driver/Src/stm32f1xx_hal_gpio.o
                0x08002684                HAL_GPIO_ReadPin
 *fill*         0x080026b2        0x2 
 .text.HAL_GPIO_EXTI_IRQHandler
                0x080026b4       0x30 ./Drivers/STM32F1xx_HAL_Driver/Src/stm32f1xx_hal_gpio.o
                0x080026b4                HAL_GPIO_EXTI_IRQHandler
 .text.HAL_RCC_OscConfig
                0x080026e4      0x504 ./Drivers/STM32F1xx_HAL_Driver/Src/stm32f1xx_hal_rcc.o
                0x080026e4                HAL_RCC_OscConfig
 .text.HAL_RCC_ClockConfig
                0x08002be8      0x1d4 ./Drivers/STM32F1xx_HAL_Driver/Src/stm32f1xx_hal_rcc.o
                0x08002be8                HAL_RCC_ClockConfig
 .text.HAL_RCC_GetSysClockFreq
                0x08002dbc       0xa8 ./Drivers/STM32F1xx_HAL_Driver/Src/stm32f1xx_hal_rcc.o
                0x08002dbc                HAL_RCC_GetSysClockFreq
 .text.RCC_Delay
                0x08002e64       0x3c ./Drivers/STM32F1xx_HAL_Driver/Src/stm32f1xx_hal_rcc.o
 .text.HAL_TIM_Base_Init
                0x08002ea0       0x9e ./Drivers/STM32F1xx_HAL_Driver/Src/stm32f1xx_hal_tim.o
                0x08002ea0                HAL_TIM_Base_Init
 .text.HAL_TIM_PWM_Init
                0x08002f3e       0x9e ./Drivers/STM32F1xx_HAL_Driver/Src/stm32f1xx_hal_tim.o
                0x08002f3e                HAL_TIM_PWM_Init
 .text.HAL_TIM_PWM_MspInit
                0x08002fdc       0x12 ./Drivers/STM32F1xx_HAL_Driver/Src/stm32f1xx_hal_tim.o
                0x08002fdc                HAL_TIM_PWM_MspInit
 *fill*         0x08002fee        0x2 
 .text.HAL_TIM_PWM_Start
                0x08002ff0      0x144 ./Drivers/STM32F1xx_HAL_Driver/Src/stm32f1xx_hal_tim.o
                0x08002ff0                HAL_TIM_PWM_Start
 .text.HAL_TIM_PWM_ConfigChannel
                0x08003134      0x184 ./Drivers/STM32F1xx_HAL_Driver/Src/stm32f1xx_hal_tim.o
                0x08003134                HAL_TIM_PWM_ConfigChannel
 .text.HAL_TIM_ConfigClockSource
                0x080032b8      0x18e ./Drivers/STM32F1xx_HAL_Driver/Src/stm32f1xx_hal_tim.o
                0x080032b8                HAL_TIM_ConfigClockSource
 *fill*         0x08003446        0x2 
 .text.TIM_Base_SetConfig
                0x08003448       0xdc ./Drivers/STM32F1xx_HAL_Driver/Src/stm32f1xx_hal_tim.o
                0x08003448                TIM_Base_SetConfig
 .text.TIM_OC1_SetConfig
                0x08003524       0xcc ./Drivers/STM32F1xx_HAL_Driver/Src/stm32f1xx_hal_tim.o
 .text.TIM_OC2_SetConfig
                0x080035f0       0xd4 ./Drivers/STM32F1xx_HAL_Driver/Src/stm32f1xx_hal_tim.o
                0x080035f0                TIM_OC2_SetConfig
 .text.TIM_OC3_SetConfig
                0x080036c4       0xd4 ./Drivers/STM32F1xx_HAL_Driver/Src/stm32f1xx_hal_tim.o
 .text.TIM_OC4_SetConfig
                0x08003798       0x9c ./Drivers/STM32F1xx_HAL_Driver/Src/stm32f1xx_hal_tim.o
 .text.TIM_TI1_ConfigInputStage
                0x08003834       0x5c ./Drivers/STM32F1xx_HAL_Driver/Src/stm32f1xx_hal_tim.o
 .text.TIM_TI2_ConfigInputStage
                0x08003890       0x5e ./Drivers/STM32F1xx_HAL_Driver/Src/stm32f1xx_hal_tim.o
 .text.TIM_ITRx_SetConfig
                0x080038ee       0x34 ./Drivers/STM32F1xx_HAL_Driver/Src/stm32f1xx_hal_tim.o
 .text.TIM_ETR_SetConfig
                0x08003922       0x3e ./Drivers/STM32F1xx_HAL_Driver/Src/stm32f1xx_hal_tim.o
                0x08003922                TIM_ETR_SetConfig
 .text.TIM_CCxChannelCmd
                0x08003960       0x48 ./Drivers/STM32F1xx_HAL_Driver/Src/stm32f1xx_hal_tim.o
                0x08003960                TIM_CCxChannelCmd
 .text.HAL_TIMEx_MasterConfigSynchronization
                0x080039a8       0xbc ./Drivers/STM32F1xx_HAL_Driver/Src/stm32f1xx_hal_tim_ex.o
                0x080039a8                HAL_TIMEx_MasterConfigSynchronization
 .text._ZdlPvj  0x08003a64        0x4 C:/ST/STM32CubeIDE_1.17.0/STM32CubeIDE/plugins/com.st.stm32cube.ide.mcu.externaltools.gnu-tools-for-stm32.12.3.rel1.win32_1.1.0.202410251130/tools/bin/../lib/gcc/arm-none-eabi/12.3.1/../../../../arm-none-eabi/lib/thumb/v7-m/nofp\libstdc++_nano.a(del_ops.o)
                0x08003a64                operator delete(void*, unsigned int)
 .text._Znwj    0x08003a68       0x22 C:/ST/STM32CubeIDE_1.17.0/STM32CubeIDE/plugins/com.st.stm32cube.ide.mcu.externaltools.gnu-tools-for-stm32.12.3.rel1.win32_1.1.0.202410251130/tools/bin/../lib/gcc/arm-none-eabi/12.3.1/../../../../arm-none-eabi/lib/thumb/v7-m/nofp\libstdc++_nano.a(new_op.o)
                0x08003a68                operator new(unsigned int)
 .text.unlikely._ZSt17__throw_bad_allocv
                0x08003a8a        0x6 C:/ST/STM32CubeIDE_1.17.0/STM32CubeIDE/plugins/com.st.stm32cube.ide.mcu.externaltools.gnu-tools-for-stm32.12.3.rel1.win32_1.1.0.202410251130/tools/bin/../lib/gcc/arm-none-eabi/12.3.1/../../../../arm-none-eabi/lib/thumb/v7-m/nofp\libstdc++_nano.a(functexcept.o)
                0x08003a8a                std::__throw_bad_alloc()
 .text.unlikely._ZSt28__throw_bad_array_new_lengthv
                0x08003a90        0x6 C:/ST/STM32CubeIDE_1.17.0/STM32CubeIDE/plugins/com.st.stm32cube.ide.mcu.externaltools.gnu-tools-for-stm32.12.3.rel1.win32_1.1.0.202410251130/tools/bin/../lib/gcc/arm-none-eabi/12.3.1/../../../../arm-none-eabi/lib/thumb/v7-m/nofp\libstdc++_nano.a(functexcept.o)
                0x08003a90                std::__throw_bad_array_new_length()
 .text.unlikely._ZSt20__throw_length_errorPKc
                0x08003a96        0x6 C:/ST/STM32CubeIDE_1.17.0/STM32CubeIDE/plugins/com.st.stm32cube.ide.mcu.externaltools.gnu-tools-for-stm32.12.3.rel1.win32_1.1.0.202410251130/tools/bin/../lib/gcc/arm-none-eabi/12.3.1/../../../../arm-none-eabi/lib/thumb/v7-m/nofp\libstdc++_nano.a(functexcept.o)
                0x08003a96                std::__throw_length_error(char const*)
 .text._ZdlPv   0x08003a9c        0x4 C:/ST/STM32CubeIDE_1.17.0/STM32CubeIDE/plugins/com.st.stm32cube.ide.mcu.externaltools.gnu-tools-for-stm32.12.3.rel1.win32_1.1.0.202410251130/tools/bin/../lib/gcc/arm-none-eabi/12.3.1/../../../../arm-none-eabi/lib/thumb/v7-m/nofp\libstdc++_nano.a(del_op.o)
                0x08003a9c                operator delete(void*)
 .text._ZSt15get_new_handlerv
                0x08003aa0       0x10 C:/ST/STM32CubeIDE_1.17.0/STM32CubeIDE/plugins/com.st.stm32cube.ide.mcu.externaltools.gnu-tools-for-stm32.12.3.rel1.win32_1.1.0.202410251130/tools/bin/../lib/gcc/arm-none-eabi/12.3.1/../../../../arm-none-eabi/lib/thumb/v7-m/nofp\libstdc++_nano.a(new_handler.o)
                0x08003aa0                std::get_new_handler()
 .text.abort    0x08003ab0        0xe C:/ST/STM32CubeIDE_1.17.0/STM32CubeIDE/plugins/com.st.stm32cube.ide.mcu.externaltools.gnu-tools-for-stm32.12.3.rel1.win32_1.1.0.202410251130/tools/bin/../lib/gcc/arm-none-eabi/12.3.1/../../../../arm-none-eabi/lib/thumb/v7-m/nofp\libc_nano.a(libc_a-abort.o)
                0x08003ab0                abort
 *fill*         0x08003abe        0x2 
 .text.malloc   0x08003ac0       0x10 C:/ST/STM32CubeIDE_1.17.0/STM32CubeIDE/plugins/com.st.stm32cube.ide.mcu.externaltools.gnu-tools-for-stm32.12.3.rel1.win32_1.1.0.202410251130/tools/bin/../lib/gcc/arm-none-eabi/12.3.1/../../../../arm-none-eabi/lib/thumb/v7-m/nofp\libc_nano.a(libc_a-malloc.o)
                0x08003ac0                malloc
 .text.free     0x08003ad0       0x10 C:/ST/STM32CubeIDE_1.17.0/STM32CubeIDE/plugins/com.st.stm32cube.ide.mcu.externaltools.gnu-tools-for-stm32.12.3.rel1.win32_1.1.0.202410251130/tools/bin/../lib/gcc/arm-none-eabi/12.3.1/../../../../arm-none-eabi/lib/thumb/v7-m/nofp\libc_nano.a(libc_a-malloc.o)
                0x08003ad0                free
 .text.sbrk_aligned
                0x08003ae0       0x44 C:/ST/STM32CubeIDE_1.17.0/STM32CubeIDE/plugins/com.st.stm32cube.ide.mcu.externaltools.gnu-tools-for-stm32.12.3.rel1.win32_1.1.0.202410251130/tools/bin/../lib/gcc/arm-none-eabi/12.3.1/../../../../arm-none-eabi/lib/thumb/v7-m/nofp\libc_nano.a(libc_a-mallocr.o)
 .text._malloc_r
                0x08003b24      0x100 C:/ST/STM32CubeIDE_1.17.0/STM32CubeIDE/plugins/com.st.stm32cube.ide.mcu.externaltools.gnu-tools-for-stm32.12.3.rel1.win32_1.1.0.202410251130/tools/bin/../lib/gcc/arm-none-eabi/12.3.1/../../../../arm-none-eabi/lib/thumb/v7-m/nofp\libc_nano.a(libc_a-mallocr.o)
                0x08003b24                _malloc_r
 .text.__malloc_lock
                0x08003c24        0xc C:/ST/STM32CubeIDE_1.17.0/STM32CubeIDE/plugins/com.st.stm32cube.ide.mcu.externaltools.gnu-tools-for-stm32.12.3.rel1.win32_1.1.0.202410251130/tools/bin/../lib/gcc/arm-none-eabi/12.3.1/../../../../arm-none-eabi/lib/thumb/v7-m/nofp\libc_nano.a(libc_a-mlock.o)
                0x08003c24                __malloc_lock
 .text.__malloc_unlock
                0x08003c30        0xc C:/ST/STM32CubeIDE_1.17.0/STM32CubeIDE/plugins/com.st.stm32cube.ide.mcu.externaltools.gnu-tools-for-stm32.12.3.rel1.win32_1.1.0.202410251130/tools/bin/../lib/gcc/arm-none-eabi/12.3.1/../../../../arm-none-eabi/lib/thumb/v7-m/nofp\libc_nano.a(libc_a-mlock.o)
                0x08003c30                __malloc_unlock
 .text.memmove  0x08003c3c       0x34 C:/ST/STM32CubeIDE_1.17.0/STM32CubeIDE/plugins/com.st.stm32cube.ide.mcu.externaltools.gnu-tools-for-stm32.12.3.rel1.win32_1.1.0.202410251130/tools/bin/../lib/gcc/arm-none-eabi/12.3.1/../../../../arm-none-eabi/lib/thumb/v7-m/nofp\libc_nano.a(libc_a-memmove.o)
                0x08003c3c                memmove
 .text.memset   0x08003c70       0x10 C:/ST/STM32CubeIDE_1.17.0/STM32CubeIDE/plugins/com.st.stm32cube.ide.mcu.externaltools.gnu-tools-for-stm32.12.3.rel1.win32_1.1.0.202410251130/tools/bin/../lib/gcc/arm-none-eabi/12.3.1/../../../../arm-none-eabi/lib/thumb/v7-m/nofp\libc_nano.a(libc_a-memset.o)
                0x08003c70                memset
 .text._raise_r
                0x08003c80       0x50 C:/ST/STM32CubeIDE_1.17.0/STM32CubeIDE/plugins/com.st.stm32cube.ide.mcu.externaltools.gnu-tools-for-stm32.12.3.rel1.win32_1.1.0.202410251130/tools/bin/../lib/gcc/arm-none-eabi/12.3.1/../../../../arm-none-eabi/lib/thumb/v7-m/nofp\libc_nano.a(libc_a-signal.o)
                0x08003c80                _raise_r
 .text.raise    0x08003cd0       0x10 C:/ST/STM32CubeIDE_1.17.0/STM32CubeIDE/plugins/com.st.stm32cube.ide.mcu.externaltools.gnu-tools-for-stm32.12.3.rel1.win32_1.1.0.202410251130/tools/bin/../lib/gcc/arm-none-eabi/12.3.1/../../../../arm-none-eabi/lib/thumb/v7-m/nofp\libc_nano.a(libc_a-signal.o)
                0x08003cd0                raise
 .text._kill_r  0x08003ce0       0x24 C:/ST/STM32CubeIDE_1.17.0/STM32CubeIDE/plugins/com.st.stm32cube.ide.mcu.externaltools.gnu-tools-for-stm32.12.3.rel1.win32_1.1.0.202410251130/tools/bin/../lib/gcc/arm-none-eabi/12.3.1/../../../../arm-none-eabi/lib/thumb/v7-m/nofp\libc_nano.a(libc_a-signalr.o)
                0x08003ce0                _kill_r
 .text._getpid_r
                0x08003d04        0x4 C:/ST/STM32CubeIDE_1.17.0/STM32CubeIDE/plugins/com.st.stm32cube.ide.mcu.externaltools.gnu-tools-for-stm32.12.3.rel1.win32_1.1.0.202410251130/tools/bin/../lib/gcc/arm-none-eabi/12.3.1/../../../../arm-none-eabi/lib/thumb/v7-m/nofp\libc_nano.a(libc_a-signalr.o)
                0x08003d04                _getpid_r
 .text._sbrk_r  0x08003d08       0x20 C:/ST/STM32CubeIDE_1.17.0/STM32CubeIDE/plugins/com.st.stm32cube.ide.mcu.externaltools.gnu-tools-for-stm32.12.3.rel1.win32_1.1.0.202410251130/tools/bin/../lib/gcc/arm-none-eabi/12.3.1/../../../../arm-none-eabi/lib/thumb/v7-m/nofp\libc_nano.a(libc_a-sbrkr.o)
                0x08003d08                _sbrk_r
 .text.__errno  0x08003d28        0xc C:/ST/STM32CubeIDE_1.17.0/STM32CubeIDE/plugins/com.st.stm32cube.ide.mcu.externaltools.gnu-tools-for-stm32.12.3.rel1.win32_1.1.0.202410251130/tools/bin/../lib/gcc/arm-none-eabi/12.3.1/../../../../arm-none-eabi/lib/thumb/v7-m/nofp\libc_nano.a(libc_a-errno.o)
                0x08003d28                __errno
 .text.__libc_init_array
                0x08003d34       0x48 C:/ST/STM32CubeIDE_1.17.0/STM32CubeIDE/plugins/com.st.stm32cube.ide.mcu.externaltools.gnu-tools-for-stm32.12.3.rel1.win32_1.1.0.202410251130/tools/bin/../lib/gcc/arm-none-eabi/12.3.1/../../../../arm-none-eabi/lib/thumb/v7-m/nofp\libc_nano.a(libc_a-init.o)
                0x08003d34                __libc_init_array
 .text.__retarget_lock_acquire_recursive
                0x08003d7c        0x2 C:/ST/STM32CubeIDE_1.17.0/STM32CubeIDE/plugins/com.st.stm32cube.ide.mcu.externaltools.gnu-tools-for-stm32.12.3.rel1.win32_1.1.0.202410251130/tools/bin/../lib/gcc/arm-none-eabi/12.3.1/../../../../arm-none-eabi/lib/thumb/v7-m/nofp\libc_nano.a(libc_a-lock.o)
                0x08003d7c                __retarget_lock_acquire_recursive
 .text.__retarget_lock_release_recursive
                0x08003d7e        0x2 C:/ST/STM32CubeIDE_1.17.0/STM32CubeIDE/plugins/com.st.stm32cube.ide.mcu.externaltools.gnu-tools-for-stm32.12.3.rel1.win32_1.1.0.202410251130/tools/bin/../lib/gcc/arm-none-eabi/12.3.1/../../../../arm-none-eabi/lib/thumb/v7-m/nofp\libc_nano.a(libc_a-lock.o)
                0x08003d7e                __retarget_lock_release_recursive
 .text._free_r  0x08003d80       0x90 C:/ST/STM32CubeIDE_1.17.0/STM32CubeIDE/plugins/com.st.stm32cube.ide.mcu.externaltools.gnu-tools-for-stm32.12.3.rel1.win32_1.1.0.202410251130/tools/bin/../lib/gcc/arm-none-eabi/12.3.1/../../../../arm-none-eabi/lib/thumb/v7-m/nofp\libc_nano.a(libc_a-freer.o)
                0x08003d80                _free_r
 *(.glue_7)
 .glue_7        0x08003e10        0x0 linker stubs
 *(.glue_7t)
 .glue_7t       0x08003e10        0x0 linker stubs
 *(.eh_frame)
 .eh_frame      0x08003e10        0x0 C:/ST/STM32CubeIDE_1.17.0/STM32CubeIDE/plugins/com.st.stm32cube.ide.mcu.externaltools.gnu-tools-for-stm32.12.3.rel1.win32_1.1.0.202410251130/tools/bin/../lib/gcc/arm-none-eabi/12.3.1/thumb/v7-m/nofp/crtbegin.o
 *(.init)
 .init          0x08003e10        0x4 C:/ST/STM32CubeIDE_1.17.0/STM32CubeIDE/plugins/com.st.stm32cube.ide.mcu.externaltools.gnu-tools-for-stm32.12.3.rel1.win32_1.1.0.202410251130/tools/bin/../lib/gcc/arm-none-eabi/12.3.1/thumb/v7-m/nofp/crti.o
                0x08003e10                _init
 .init          0x08003e14        0x8 C:/ST/STM32CubeIDE_1.17.0/STM32CubeIDE/plugins/com.st.stm32cube.ide.mcu.externaltools.gnu-tools-for-stm32.12.3.rel1.win32_1.1.0.202410251130/tools/bin/../lib/gcc/arm-none-eabi/12.3.1/thumb/v7-m/nofp/crtn.o
 *(.fini)
 .fini          0x08003e1c        0x4 C:/ST/STM32CubeIDE_1.17.0/STM32CubeIDE/plugins/com.st.stm32cube.ide.mcu.externaltools.gnu-tools-for-stm32.12.3.rel1.win32_1.1.0.202410251130/tools/bin/../lib/gcc/arm-none-eabi/12.3.1/thumb/v7-m/nofp/crti.o
                0x08003e1c                _fini
 .fini          0x08003e20        0x8 C:/ST/STM32CubeIDE_1.17.0/STM32CubeIDE/plugins/com.st.stm32cube.ide.mcu.externaltools.gnu-tools-for-stm32.12.3.rel1.win32_1.1.0.202410251130/tools/bin/../lib/gcc/arm-none-eabi/12.3.1/thumb/v7-m/nofp/crtn.o
                0x08003e28                        . = ALIGN (0x4)
                0x08003e28                        _etext = .

.vfp11_veneer   0x08003e28        0x0
 .vfp11_veneer  0x08003e28        0x0 linker stubs

.v4_bx          0x08003e28        0x0
 .v4_bx         0x08003e28        0x0 linker stubs

.iplt           0x08003e28        0x0
 .iplt          0x08003e28        0x0 C:/ST/STM32CubeIDE_1.17.0/STM32CubeIDE/plugins/com.st.stm32cube.ide.mcu.externaltools.gnu-tools-for-stm32.12.3.rel1.win32_1.1.0.202410251130/tools/bin/../lib/gcc/arm-none-eabi/12.3.1/thumb/v7-m/nofp/crtbegin.o

.rodata         0x08003e28       0x54
                0x08003e28                        . = ALIGN (0x4)
 *(.rodata)
 .rodata        0x08003e28       0x30 ./Core/Src/player.o
 *(.rodata*)
 .rodata.AHBPrescTable
                0x08003e58       0x10 ./Core/Src/system_stm32f1xx.o
                0x08003e58                AHBPrescTable
 .rodata.aPLLMULFactorTable.1
                0x08003e68       0x10 ./Drivers/STM32F1xx_HAL_Driver/Src/stm32f1xx_hal_rcc.o
 .rodata.aPredivFactorTable.0
                0x08003e78        0x2 ./Drivers/STM32F1xx_HAL_Driver/Src/stm32f1xx_hal_rcc.o
                0x08003e7c                        . = ALIGN (0x4)
 *fill*         0x08003e7a        0x2 

.ARM.extab      0x08003e7c        0x0
                0x08003e7c                        . = ALIGN (0x4)
 *(.ARM.extab* .gnu.linkonce.armextab.*)
                0x08003e7c                        . = ALIGN (0x4)

.ARM            0x08003e7c        0x0
                0x08003e7c                        . = ALIGN (0x4)
                0x08003e7c                        __exidx_start = .
 *(.ARM.exidx*)
                0x08003e7c                        __exidx_end = .
                0x08003e7c                        . = ALIGN (0x4)

.preinit_array  0x08003e7c        0x0
                0x08003e7c                        . = ALIGN (0x4)
                0x08003e7c                        PROVIDE (__preinit_array_start = .)
 *(.preinit_array*)
                0x08003e7c                        PROVIDE (__preinit_array_end = .)
                0x08003e7c                        . = ALIGN (0x4)

.init_array     0x08003e7c        0x8
                0x08003e7c                        . = ALIGN (0x4)
                0x08003e7c                        PROVIDE (__init_array_start = .)
 *(SORT_BY_NAME(.init_array.*))
 *(.init_array*)
 .init_array    0x08003e7c        0x4 C:/ST/STM32CubeIDE_1.17.0/STM32CubeIDE/plugins/com.st.stm32cube.ide.mcu.externaltools.gnu-tools-for-stm32.12.3.rel1.win32_1.1.0.202410251130/tools/bin/../lib/gcc/arm-none-eabi/12.3.1/thumb/v7-m/nofp/crtbegin.o
 .init_array    0x08003e80        0x4 ./Core/Src/player.o
                0x08003e84                        PROVIDE (__init_array_end = .)
                0x08003e84                        . = ALIGN (0x4)

.fini_array     0x08003e84        0x8
                0x08003e84                        . = ALIGN (0x4)
                [!provide]                        PROVIDE (__fini_array_start = .)
 *(SORT_BY_NAME(.fini_array.*))
 *(.fini_array*)
 .fini_array    0x08003e84        0x4 C:/ST/STM32CubeIDE_1.17.0/STM32CubeIDE/plugins/com.st.stm32cube.ide.mcu.externaltools.gnu-tools-for-stm32.12.3.rel1.win32_1.1.0.202410251130/tools/bin/../lib/gcc/arm-none-eabi/12.3.1/thumb/v7-m/nofp/crtbegin.o
 .fini_array    0x08003e88        0x4 ./Core/Src/player.o
                [!provide]                        PROVIDE (__fini_array_end = .)
                0x08003e8c                        . = ALIGN (0x4)
                0x08003e8c                        _sidata = LOADADDR (.data)

.rel.dyn        0x08003e8c        0x0
 .rel.iplt      0x08003e8c        0x0 C:/ST/STM32CubeIDE_1.17.0/STM32CubeIDE/plugins/com.st.stm32cube.ide.mcu.externaltools.gnu-tools-for-stm32.12.3.rel1.win32_1.1.0.202410251130/tools/bin/../lib/gcc/arm-none-eabi/12.3.1/thumb/v7-m/nofp/crtbegin.o

.data           0x20000000       0x94 load address 0x08003e8c
                0x20000000                        . = ALIGN (0x4)
                0x20000000                        _sdata = .
 *(.data)
 *(.data*)
 .data.note_arr
                0x20000000        0xa ./Core/Src/player.o
                0x20000000                note_arr
 *fill*         0x2000000a        0x2 
 .data.time_arr
                0x2000000c       0x28 ./Core/Src/player.o
                0x2000000c                time_arr
 .data.length   0x20000034        0x4 ./Core/Src/player.o
                0x20000034                length
 .data.SystemCoreClock
                0x20000038        0x4 ./Core/Src/system_stm32f1xx.o
                0x20000038                SystemCoreClock
 .data.uwTickPrio
                0x2000003c        0x4 ./Drivers/STM32F1xx_HAL_Driver/Src/stm32f1xx_hal.o
                0x2000003c                uwTickPrio
 .data.uwTickFreq
                0x20000040        0x1 ./Drivers/STM32F1xx_HAL_Driver/Src/stm32f1xx_hal.o
                0x20000040                uwTickFreq
 *fill*         0x20000041        0x3 
 .data._impure_ptr
                0x20000044        0x4 C:/ST/STM32CubeIDE_1.17.0/STM32CubeIDE/plugins/com.st.stm32cube.ide.mcu.externaltools.gnu-tools-for-stm32.12.3.rel1.win32_1.1.0.202410251130/tools/bin/../lib/gcc/arm-none-eabi/12.3.1/../../../../arm-none-eabi/lib/thumb/v7-m/nofp\libc_nano.a(libc_a-impure.o)
                0x20000044                _impure_ptr
 .data._impure_data
                0x20000048       0x4c C:/ST/STM32CubeIDE_1.17.0/STM32CubeIDE/plugins/com.st.stm32cube.ide.mcu.externaltools.gnu-tools-for-stm32.12.3.rel1.win32_1.1.0.202410251130/tools/bin/../lib/gcc/arm-none-eabi/12.3.1/../../../../arm-none-eabi/lib/thumb/v7-m/nofp\libc_nano.a(libc_a-impure.o)
                0x20000048                _impure_data
 *(.RamFunc)
 *(.RamFunc*)
                0x20000094                        . = ALIGN (0x4)
                0x20000094                        _edata = .

.igot.plt       0x20000094        0x0 load address 0x08003f20
 .igot.plt      0x20000094        0x0 C:/ST/STM32CubeIDE_1.17.0/STM32CubeIDE/plugins/com.st.stm32cube.ide.mcu.externaltools.gnu-tools-for-stm32.12.3.rel1.win32_1.1.0.202410251130/tools/bin/../lib/gcc/arm-none-eabi/12.3.1/thumb/v7-m/nofp/crtbegin.o
                0x20000094                        . = ALIGN (0x4)

.bss            0x20000094      0x1f0 load address 0x08003f20
                0x20000094                        _sbss = .
                0x20000094                        __bss_start__ = _sbss
 *(.bss)
 .bss           0x20000094       0x1c C:/ST/STM32CubeIDE_1.17.0/STM32CubeIDE/plugins/com.st.stm32cube.ide.mcu.externaltools.gnu-tools-for-stm32.12.3.rel1.win32_1.1.0.202410251130/tools/bin/../lib/gcc/arm-none-eabi/12.3.1/thumb/v7-m/nofp/crtbegin.o
 *(.bss*)
 .bss.button_push_detected_time
                0x200000b0        0x4 ./Core/Src/player.o
                0x200000b0                button_push_detected_time
 .bss.j         0x200000b4        0x4 ./Core/Src/player.o
                0x200000b4                j
 .bss.cur_button_state
                0x200000b8        0x8 ./Core/Src/player.o
                0x200000b8                cur_button_state
 .bss.button_st
                0x200000c0       0x28 ./Core/Src/player.o
                0x200000c0                button_st
 .bss.__sbrk_heap_end
                0x200000e8        0x4 ./Core/Src/sysmem.o
 .bss.htim2     0x200000ec       0x48 ./Core/Src/tim.o
                0x200000ec                htim2
 .bss.uwTick    0x20000134        0x4 ./Drivers/STM32F1xx_HAL_Driver/Src/stm32f1xx_hal.o
                0x20000134                uwTick
 .bss._ZN12_GLOBAL__N_113__new_handlerE
                0x20000138        0x4 C:/ST/STM32CubeIDE_1.17.0/STM32CubeIDE/plugins/com.st.stm32cube.ide.mcu.externaltools.gnu-tools-for-stm32.12.3.rel1.win32_1.1.0.202410251130/tools/bin/../lib/gcc/arm-none-eabi/12.3.1/../../../../arm-none-eabi/lib/thumb/v7-m/nofp\libstdc++_nano.a(new_handler.o)
 .bss.__malloc_sbrk_start
                0x2000013c        0x4 C:/ST/STM32CubeIDE_1.17.0/STM32CubeIDE/plugins/com.st.stm32cube.ide.mcu.externaltools.gnu-tools-for-stm32.12.3.rel1.win32_1.1.0.202410251130/tools/bin/../lib/gcc/arm-none-eabi/12.3.1/../../../../arm-none-eabi/lib/thumb/v7-m/nofp\libc_nano.a(libc_a-mallocr.o)
                0x2000013c                __malloc_sbrk_start
 .bss.__malloc_free_list
                0x20000140        0x4 C:/ST/STM32CubeIDE_1.17.0/STM32CubeIDE/plugins/com.st.stm32cube.ide.mcu.externaltools.gnu-tools-for-stm32.12.3.rel1.win32_1.1.0.202410251130/tools/bin/../lib/gcc/arm-none-eabi/12.3.1/../../../../arm-none-eabi/lib/thumb/v7-m/nofp\libc_nano.a(libc_a-mallocr.o)
                0x20000140                __malloc_free_list
 .bss.__sf      0x20000144      0x138 C:/ST/STM32CubeIDE_1.17.0/STM32CubeIDE/plugins/com.st.stm32cube.ide.mcu.externaltools.gnu-tools-for-stm32.12.3.rel1.win32_1.1.0.202410251130/tools/bin/../lib/gcc/arm-none-eabi/12.3.1/../../../../arm-none-eabi/lib/thumb/v7-m/nofp\libc_nano.a(libc_a-findfp.o)
                0x20000144                __sf
 .bss.errno     0x2000027c        0x4 C:/ST/STM32CubeIDE_1.17.0/STM32CubeIDE/plugins/com.st.stm32cube.ide.mcu.externaltools.gnu-tools-for-stm32.12.3.rel1.win32_1.1.0.202410251130/tools/bin/../lib/gcc/arm-none-eabi/12.3.1/../../../../arm-none-eabi/lib/thumb/v7-m/nofp\libc_nano.a(libc_a-reent.o)
                0x2000027c                errno
 .bss.__lock___malloc_recursive_mutex
                0x20000280        0x1 C:/ST/STM32CubeIDE_1.17.0/STM32CubeIDE/plugins/com.st.stm32cube.ide.mcu.externaltools.gnu-tools-for-stm32.12.3.rel1.win32_1.1.0.202410251130/tools/bin/../lib/gcc/arm-none-eabi/12.3.1/../../../../arm-none-eabi/lib/thumb/v7-m/nofp\libc_nano.a(libc_a-lock.o)
                0x20000280                __lock___malloc_recursive_mutex
 *(COMMON)
                0x20000284                        . = ALIGN (0x4)
 *fill*         0x20000281        0x3 
                0x20000284                        _ebss = .
                0x20000284                        __bss_end__ = _ebss

._user_heap_stack
                0x20000284      0x604 load address 0x08003f20
                0x20000288                        . = ALIGN (0x8)
 *fill*         0x20000284        0x4 
                [!provide]                        PROVIDE (end = .)
                0x20000288                        PROVIDE (_end = .)
                0x20000488                        . = (. + _Min_Heap_Size)
 *fill*         0x20000288      0x200 
                0x20000888                        . = (. + _Min_Stack_Size)
 *fill*         0x20000488      0x400 
                0x20000888                        . = ALIGN (0x8)

/DISCARD/
 libc.a(*)
 libm.a(*)
 libgcc.a(*)

.ARM.attributes
                0x00000000       0x29
 *(.ARM.attributes)
 .ARM.attributes
                0x00000000       0x1d C:/ST/STM32CubeIDE_1.17.0/STM32CubeIDE/plugins/com.st.stm32cube.ide.mcu.externaltools.gnu-tools-for-stm32.12.3.rel1.win32_1.1.0.202410251130/tools/bin/../lib/gcc/arm-none-eabi/12.3.1/thumb/v7-m/nofp/crti.o
 .ARM.attributes
                0x0000001d       0x2d C:/ST/STM32CubeIDE_1.17.0/STM32CubeIDE/plugins/com.st.stm32cube.ide.mcu.externaltools.gnu-tools-for-stm32.12.3.rel1.win32_1.1.0.202410251130/tools/bin/../lib/gcc/arm-none-eabi/12.3.1/thumb/v7-m/nofp/crtbegin.o
 .ARM.attributes
                0x0000004a       0x2d ./Core/Src/buttonState.o
 .ARM.attributes
                0x00000077       0x2d ./Core/Src/gpio.o
 .ARM.attributes
                0x000000a4       0x2d ./Core/Src/main.o
 .ARM.attributes
                0x000000d1       0x2d ./Core/Src/player.o
 .ARM.attributes
                0x000000fe       0x2d ./Core/Src/stm32f1xx_hal_msp.o
 .ARM.attributes
                0x0000012b       0x2d ./Core/Src/stm32f1xx_it.o
 .ARM.attributes
                0x00000158       0x2d ./Core/Src/syscalls.o
 .ARM.attributes
                0x00000185       0x2d ./Core/Src/sysmem.o
 .ARM.attributes
                0x000001b2       0x2d ./Core/Src/system_stm32f1xx.o
 .ARM.attributes
                0x000001df       0x2d ./Core/Src/tim.o
 .ARM.attributes
                0x0000020c       0x21 ./Core/Startup/startup_stm32f103rbtx.o
 .ARM.attributes
                0x0000022d       0x2d ./Drivers/STM32F1xx_HAL_Driver/Src/stm32f1xx_hal.o
 .ARM.attributes
                0x0000025a       0x2d ./Drivers/STM32F1xx_HAL_Driver/Src/stm32f1xx_hal_cortex.o
 .ARM.attributes
                0x00000287       0x2d ./Drivers/STM32F1xx_HAL_Driver/Src/stm32f1xx_hal_gpio.o
 .ARM.attributes
                0x000002b4       0x2d ./Drivers/STM32F1xx_HAL_Driver/Src/stm32f1xx_hal_rcc.o
 .ARM.attributes
                0x000002e1       0x2d ./Drivers/STM32F1xx_HAL_Driver/Src/stm32f1xx_hal_tim.o
 .ARM.attributes
                0x0000030e       0x2d ./Drivers/STM32F1xx_HAL_Driver/Src/stm32f1xx_hal_tim_ex.o
 .ARM.attributes
                0x0000033b       0x2d C:/ST/STM32CubeIDE_1.17.0/STM32CubeIDE/plugins/com.st.stm32cube.ide.mcu.externaltools.gnu-tools-for-stm32.12.3.rel1.win32_1.1.0.202410251130/tools/bin/../lib/gcc/arm-none-eabi/12.3.1/../../../../arm-none-eabi/lib/thumb/v7-m/nofp\libstdc++_nano.a(del_ops.o)
 .ARM.attributes
                0x00000368       0x2d C:/ST/STM32CubeIDE_1.17.0/STM32CubeIDE/plugins/com.st.stm32cube.ide.mcu.externaltools.gnu-tools-for-stm32.12.3.rel1.win32_1.1.0.202410251130/tools/bin/../lib/gcc/arm-none-eabi/12.3.1/../../../../arm-none-eabi/lib/thumb/v7-m/nofp\libstdc++_nano.a(new_op.o)
 .ARM.attributes
                0x00000395       0x2d C:/ST/STM32CubeIDE_1.17.0/STM32CubeIDE/plugins/com.st.stm32cube.ide.mcu.externaltools.gnu-tools-for-stm32.12.3.rel1.win32_1.1.0.202410251130/tools/bin/../lib/gcc/arm-none-eabi/12.3.1/../../../../arm-none-eabi/lib/thumb/v7-m/nofp\libstdc++_nano.a(functexcept.o)
 .ARM.attributes
                0x000003c2       0x2d C:/ST/STM32CubeIDE_1.17.0/STM32CubeIDE/plugins/com.st.stm32cube.ide.mcu.externaltools.gnu-tools-for-stm32.12.3.rel1.win32_1.1.0.202410251130/tools/bin/../lib/gcc/arm-none-eabi/12.3.1/../../../../arm-none-eabi/lib/thumb/v7-m/nofp\libstdc++_nano.a(del_op.o)
 .ARM.attributes
                0x000003ef       0x2d C:/ST/STM32CubeIDE_1.17.0/STM32CubeIDE/plugins/com.st.stm32cube.ide.mcu.externaltools.gnu-tools-for-stm32.12.3.rel1.win32_1.1.0.202410251130/tools/bin/../lib/gcc/arm-none-eabi/12.3.1/../../../../arm-none-eabi/lib/thumb/v7-m/nofp\libstdc++_nano.a(new_handler.o)
 .ARM.attributes
                0x0000041c       0x2d C:/ST/STM32CubeIDE_1.17.0/STM32CubeIDE/plugins/com.st.stm32cube.ide.mcu.externaltools.gnu-tools-for-stm32.12.3.rel1.win32_1.1.0.202410251130/tools/bin/../lib/gcc/arm-none-eabi/12.3.1/../../../../arm-none-eabi/lib/thumb/v7-m/nofp\libc_nano.a(libc_a-abort.o)
 .ARM.attributes
                0x00000449       0x2d C:/ST/STM32CubeIDE_1.17.0/STM32CubeIDE/plugins/com.st.stm32cube.ide.mcu.externaltools.gnu-tools-for-stm32.12.3.rel1.win32_1.1.0.202410251130/tools/bin/../lib/gcc/arm-none-eabi/12.3.1/../../../../arm-none-eabi/lib/thumb/v7-m/nofp\libc_nano.a(libc_a-malloc.o)
 .ARM.attributes
                0x00000476       0x2d C:/ST/STM32CubeIDE_1.17.0/STM32CubeIDE/plugins/com.st.stm32cube.ide.mcu.externaltools.gnu-tools-for-stm32.12.3.rel1.win32_1.1.0.202410251130/tools/bin/../lib/gcc/arm-none-eabi/12.3.1/../../../../arm-none-eabi/lib/thumb/v7-m/nofp\libc_nano.a(libc_a-mallocr.o)
 .ARM.attributes
                0x000004a3       0x2d C:/ST/STM32CubeIDE_1.17.0/STM32CubeIDE/plugins/com.st.stm32cube.ide.mcu.externaltools.gnu-tools-for-stm32.12.3.rel1.win32_1.1.0.202410251130/tools/bin/../lib/gcc/arm-none-eabi/12.3.1/../../../../arm-none-eabi/lib/thumb/v7-m/nofp\libc_nano.a(libc_a-mlock.o)
 .ARM.attributes
                0x000004d0       0x2d C:/ST/STM32CubeIDE_1.17.0/STM32CubeIDE/plugins/com.st.stm32cube.ide.mcu.externaltools.gnu-tools-for-stm32.12.3.rel1.win32_1.1.0.202410251130/tools/bin/../lib/gcc/arm-none-eabi/12.3.1/../../../../arm-none-eabi/lib/thumb/v7-m/nofp\libc_nano.a(libc_a-findfp.o)
 .ARM.attributes
                0x000004fd       0x2d C:/ST/STM32CubeIDE_1.17.0/STM32CubeIDE/plugins/com.st.stm32cube.ide.mcu.externaltools.gnu-tools-for-stm32.12.3.rel1.win32_1.1.0.202410251130/tools/bin/../lib/gcc/arm-none-eabi/12.3.1/../../../../arm-none-eabi/lib/thumb/v7-m/nofp\libc_nano.a(libc_a-memmove.o)
 .ARM.attributes
                0x0000052a       0x2d C:/ST/STM32CubeIDE_1.17.0/STM32CubeIDE/plugins/com.st.stm32cube.ide.mcu.externaltools.gnu-tools-for-stm32.12.3.rel1.win32_1.1.0.202410251130/tools/bin/../lib/gcc/arm-none-eabi/12.3.1/../../../../arm-none-eabi/lib/thumb/v7-m/nofp\libc_nano.a(libc_a-memset.o)
 .ARM.attributes
                0x00000557       0x2d C:/ST/STM32CubeIDE_1.17.0/STM32CubeIDE/plugins/com.st.stm32cube.ide.mcu.externaltools.gnu-tools-for-stm32.12.3.rel1.win32_1.1.0.202410251130/tools/bin/../lib/gcc/arm-none-eabi/12.3.1/../../../../arm-none-eabi/lib/thumb/v7-m/nofp\libc_nano.a(libc_a-signal.o)
 .ARM.attributes
                0x00000584       0x2d C:/ST/STM32CubeIDE_1.17.0/STM32CubeIDE/plugins/com.st.stm32cube.ide.mcu.externaltools.gnu-tools-for-stm32.12.3.rel1.win32_1.1.0.202410251130/tools/bin/../lib/gcc/arm-none-eabi/12.3.1/../../../../arm-none-eabi/lib/thumb/v7-m/nofp\libc_nano.a(libc_a-reent.o)
 .ARM.attributes
                0x000005b1       0x2d C:/ST/STM32CubeIDE_1.17.0/STM32CubeIDE/plugins/com.st.stm32cube.ide.mcu.externaltools.gnu-tools-for-stm32.12.3.rel1.win32_1.1.0.202410251130/tools/bin/../lib/gcc/arm-none-eabi/12.3.1/../../../../arm-none-eabi/lib/thumb/v7-m/nofp\libc_nano.a(libc_a-impure.o)
 .ARM.attributes
                0x000005de       0x2d C:/ST/STM32CubeIDE_1.17.0/STM32CubeIDE/plugins/com.st.stm32cube.ide.mcu.externaltools.gnu-tools-for-stm32.12.3.rel1.win32_1.1.0.202410251130/tools/bin/../lib/gcc/arm-none-eabi/12.3.1/../../../../arm-none-eabi/lib/thumb/v7-m/nofp\libc_nano.a(libc_a-signalr.o)
 .ARM.attributes
                0x0000060b       0x2d C:/ST/STM32CubeIDE_1.17.0/STM32CubeIDE/plugins/com.st.stm32cube.ide.mcu.externaltools.gnu-tools-for-stm32.12.3.rel1.win32_1.1.0.202410251130/tools/bin/../lib/gcc/arm-none-eabi/12.3.1/../../../../arm-none-eabi/lib/thumb/v7-m/nofp\libc_nano.a(libc_a-sbrkr.o)
 .ARM.attributes
                0x00000638       0x2d C:/ST/STM32CubeIDE_1.17.0/STM32CubeIDE/plugins/com.st.stm32cube.ide.mcu.externaltools.gnu-tools-for-stm32.12.3.rel1.win32_1.1.0.202410251130/tools/bin/../lib/gcc/arm-none-eabi/12.3.1/../../../../arm-none-eabi/lib/thumb/v7-m/nofp\libc_nano.a(libc_a-errno.o)
 .ARM.attributes
                0x00000665       0x2d C:/ST/STM32CubeIDE_1.17.0/STM32CubeIDE/plugins/com.st.stm32cube.ide.mcu.externaltools.gnu-tools-for-stm32.12.3.rel1.win32_1.1.0.202410251130/tools/bin/../lib/gcc/arm-none-eabi/12.3.1/../../../../arm-none-eabi/lib/thumb/v7-m/nofp\libc_nano.a(libc_a-init.o)
 .ARM.attributes
                0x00000692       0x2d C:/ST/STM32CubeIDE_1.17.0/STM32CubeIDE/plugins/com.st.stm32cube.ide.mcu.externaltools.gnu-tools-for-stm32.12.3.rel1.win32_1.1.0.202410251130/tools/bin/../lib/gcc/arm-none-eabi/12.3.1/../../../../arm-none-eabi/lib/thumb/v7-m/nofp\libc_nano.a(libc_a-lock.o)
 .ARM.attributes
                0x000006bf       0x2d C:/ST/STM32CubeIDE_1.17.0/STM32CubeIDE/plugins/com.st.stm32cube.ide.mcu.externaltools.gnu-tools-for-stm32.12.3.rel1.win32_1.1.0.202410251130/tools/bin/../lib/gcc/arm-none-eabi/12.3.1/../../../../arm-none-eabi/lib/thumb/v7-m/nofp\libc_nano.a(libc_a-freer.o)
 .ARM.attributes
                0x000006ec       0x1d C:/ST/STM32CubeIDE_1.17.0/STM32CubeIDE/plugins/com.st.stm32cube.ide.mcu.externaltools.gnu-tools-for-stm32.12.3.rel1.win32_1.1.0.202410251130/tools/bin/../lib/gcc/arm-none-eabi/12.3.1/thumb/v7-m/nofp\libgcc.a(_arm_muldf3.o)
 .ARM.attributes
                0x00000709       0x1d C:/ST/STM32CubeIDE_1.17.0/STM32CubeIDE/plugins/com.st.stm32cube.ide.mcu.externaltools.gnu-tools-for-stm32.12.3.rel1.win32_1.1.0.202410251130/tools/bin/../lib/gcc/arm-none-eabi/12.3.1/thumb/v7-m/nofp\libgcc.a(_arm_addsubdf3.o)
 .ARM.attributes
                0x00000726       0x1d C:/ST/STM32CubeIDE_1.17.0/STM32CubeIDE/plugins/com.st.stm32cube.ide.mcu.externaltools.gnu-tools-for-stm32.12.3.rel1.win32_1.1.0.202410251130/tools/bin/../lib/gcc/arm-none-eabi/12.3.1/thumb/v7-m/nofp\libgcc.a(_arm_fixunsdfsi.o)
 .ARM.attributes
                0x00000743       0x1d C:/ST/STM32CubeIDE_1.17.0/STM32CubeIDE/plugins/com.st.stm32cube.ide.mcu.externaltools.gnu-tools-for-stm32.12.3.rel1.win32_1.1.0.202410251130/tools/bin/../lib/gcc/arm-none-eabi/12.3.1/thumb/v7-m/nofp/crtn.o
OUTPUT(piezo_player.elf elf32-littlearm)
LOAD linker stubs
LOAD C:/ST/STM32CubeIDE_1.17.0/STM32CubeIDE/plugins/com.st.stm32cube.ide.mcu.externaltools.gnu-tools-for-stm32.12.3.rel1.win32_1.1.0.202410251130/tools/bin/../lib/gcc/arm-none-eabi/12.3.1/../../../../arm-none-eabi/lib/thumb/v7-m/nofp\libc.a
LOAD C:/ST/STM32CubeIDE_1.17.0/STM32CubeIDE/plugins/com.st.stm32cube.ide.mcu.externaltools.gnu-tools-for-stm32.12.3.rel1.win32_1.1.0.202410251130/tools/bin/../lib/gcc/arm-none-eabi/12.3.1/../../../../arm-none-eabi/lib/thumb/v7-m/nofp\libm.a
LOAD C:/ST/STM32CubeIDE_1.17.0/STM32CubeIDE/plugins/com.st.stm32cube.ide.mcu.externaltools.gnu-tools-for-stm32.12.3.rel1.win32_1.1.0.202410251130/tools/bin/../lib/gcc/arm-none-eabi/12.3.1/thumb/v7-m/nofp\libgcc.a

.debug_info     0x00000000     0xc707
 .debug_info    0x00000000      0x203 ./Core/Src/buttonState.o
 .debug_info    0x00000203      0x411 ./Core/Src/gpio.o
 .debug_info    0x00000614      0x81c ./Core/Src/main.o
 .debug_info    0x00000e30     0x43ed ./Core/Src/player.o
 .debug_info    0x0000521d      0x1f1 ./Core/Src/stm32f1xx_hal_msp.o
 .debug_info    0x0000540e      0x17b ./Core/Src/stm32f1xx_it.o
 .debug_info    0x00005589      0x6a3 ./Core/Src/syscalls.o
 .debug_info    0x00005c2c      0x168 ./Core/Src/sysmem.o
 .debug_info    0x00005d94      0x222 ./Core/Src/system_stm32f1xx.o
 .debug_info    0x00005fb6      0xa22 ./Core/Src/tim.o
 .debug_info    0x000069d8       0x30 ./Core/Startup/startup_stm32f103rbtx.o
 .debug_info    0x00006a08      0x704 ./Drivers/STM32F1xx_HAL_Driver/Src/stm32f1xx_hal.o
 .debug_info    0x0000710c      0xa87 ./Drivers/STM32F1xx_HAL_Driver/Src/stm32f1xx_hal_cortex.o
 .debug_info    0x00007b93      0x5ab ./Drivers/STM32F1xx_HAL_Driver/Src/stm32f1xx_hal_gpio.o
 .debug_info    0x0000813e      0x7d5 ./Drivers/STM32F1xx_HAL_Driver/Src/stm32f1xx_hal_rcc.o
 .debug_info    0x00008913     0x2959 ./Drivers/STM32F1xx_HAL_Driver/Src/stm32f1xx_hal_tim.o
 .debug_info    0x0000b26c     0x149b ./Drivers/STM32F1xx_HAL_Driver/Src/stm32f1xx_hal_tim_ex.o

.debug_abbrev   0x00000000     0x2428
 .debug_abbrev  0x00000000      0x15c ./Core/Src/buttonState.o
 .debug_abbrev  0x0000015c      0x15e ./Core/Src/gpio.o
 .debug_abbrev  0x000002ba      0x223 ./Core/Src/main.o
 .debug_abbrev  0x000004dd      0x95c ./Core/Src/player.o
 .debug_abbrev  0x00000e39       0xdb ./Core/Src/stm32f1xx_hal_msp.o
 .debug_abbrev  0x00000f14       0xa0 ./Core/Src/stm32f1xx_it.o
 .debug_abbrev  0x00000fb4      0x1b6 ./Core/Src/syscalls.o
 .debug_abbrev  0x0000116a       0xbc ./Core/Src/sysmem.o
 .debug_abbrev  0x00001226      0x13f ./Core/Src/system_stm32f1xx.o
 .debug_abbrev  0x00001365      0x230 ./Core/Src/tim.o
 .debug_abbrev  0x00001595       0x24 ./Core/Startup/startup_stm32f103rbtx.o
 .debug_abbrev  0x000015b9      0x201 ./Drivers/STM32F1xx_HAL_Driver/Src/stm32f1xx_hal.o
 .debug_abbrev  0x000017ba      0x2f8 ./Drivers/STM32F1xx_HAL_Driver/Src/stm32f1xx_hal_cortex.o
 .debug_abbrev  0x00001ab2      0x1ca ./Drivers/STM32F1xx_HAL_Driver/Src/stm32f1xx_hal_gpio.o
 .debug_abbrev  0x00001c7c      0x2b3 ./Drivers/STM32F1xx_HAL_Driver/Src/stm32f1xx_hal_rcc.o
 .debug_abbrev  0x00001f2f      0x277 ./Drivers/STM32F1xx_HAL_Driver/Src/stm32f1xx_hal_tim.o
 .debug_abbrev  0x000021a6      0x282 ./Drivers/STM32F1xx_HAL_Driver/Src/stm32f1xx_hal_tim_ex.o

.debug_aranges  0x00000000      0xd70
 .debug_aranges
                0x00000000       0x20 ./Core/Src/buttonState.o
 .debug_aranges
                0x00000020       0x20 ./Core/Src/gpio.o
 .debug_aranges
                0x00000040       0x30 ./Core/Src/main.o
 .debug_aranges
                0x00000070      0x310 ./Core/Src/player.o
 .debug_aranges
                0x00000380       0x20 ./Core/Src/stm32f1xx_hal_msp.o
 .debug_aranges
                0x000003a0       0x80 ./Core/Src/stm32f1xx_it.o
 .debug_aranges
                0x00000420       0xa8 ./Core/Src/syscalls.o
 .debug_aranges
                0x000004c8       0x20 ./Core/Src/sysmem.o
 .debug_aranges
                0x000004e8       0x28 ./Core/Src/system_stm32f1xx.o
 .debug_aranges
                0x00000510       0x38 ./Core/Src/tim.o
 .debug_aranges
                0x00000548       0x28 ./Core/Startup/startup_stm32f103rbtx.o
 .debug_aranges
                0x00000570       0xe0 ./Drivers/STM32F1xx_HAL_Driver/Src/stm32f1xx_hal.o
 .debug_aranges
                0x00000650      0x100 ./Drivers/STM32F1xx_HAL_Driver/Src/stm32f1xx_hal_cortex.o
 .debug_aranges
                0x00000750       0x58 ./Drivers/STM32F1xx_HAL_Driver/Src/stm32f1xx_hal_gpio.o
 .debug_aranges
                0x000007a8       0x90 ./Drivers/STM32F1xx_HAL_Driver/Src/stm32f1xx_hal_rcc.o
 .debug_aranges
                0x00000838      0x3d0 ./Drivers/STM32F1xx_HAL_Driver/Src/stm32f1xx_hal_tim.o
 .debug_aranges
                0x00000c08      0x168 ./Drivers/STM32F1xx_HAL_Driver/Src/stm32f1xx_hal_tim_ex.o

.debug_rnglists
                0x00000000      0xa30
 .debug_rnglists
                0x00000000       0x13 ./Core/Src/buttonState.o
 .debug_rnglists
                0x00000013       0x14 ./Core/Src/gpio.o
 .debug_rnglists
                0x00000027       0x20 ./Core/Src/main.o
 .debug_rnglists
                0x00000047      0x24e ./Core/Src/player.o
 .debug_rnglists
                0x00000295       0x13 ./Core/Src/stm32f1xx_hal_msp.o
 .debug_rnglists
                0x000002a8       0x5b ./Core/Src/stm32f1xx_it.o
 .debug_rnglists
                0x00000303       0x79 ./Core/Src/syscalls.o
 .debug_rnglists
                0x0000037c       0x13 ./Core/Src/sysmem.o
 .debug_rnglists
                0x0000038f       0x1a ./Core/Src/system_stm32f1xx.o
 .debug_rnglists
                0x000003a9       0x26 ./Core/Src/tim.o
 .debug_rnglists
                0x000003cf       0x19 ./Core/Startup/startup_stm32f103rbtx.o
 .debug_rnglists
                0x000003e8       0xa3 ./Drivers/STM32F1xx_HAL_Driver/Src/stm32f1xx_hal.o
 .debug_rnglists
                0x0000048b       0xbb ./Drivers/STM32F1xx_HAL_Driver/Src/stm32f1xx_hal_cortex.o
 .debug_rnglists
                0x00000546       0x3f ./Drivers/STM32F1xx_HAL_Driver/Src/stm32f1xx_hal_gpio.o
 .debug_rnglists
                0x00000585       0x6c ./Drivers/STM32F1xx_HAL_Driver/Src/stm32f1xx_hal_rcc.o
 .debug_rnglists
                0x000005f1      0x31a ./Drivers/STM32F1xx_HAL_Driver/Src/stm32f1xx_hal_tim.o
 .debug_rnglists
                0x0000090b      0x125 ./Drivers/STM32F1xx_HAL_Driver/Src/stm32f1xx_hal_tim_ex.o

.debug_macro    0x00000000    0x1aaf7
 .debug_macro   0x00000000      0x1b7 ./Core/Src/buttonState.o
 .debug_macro   0x000001b7      0xb80 ./Core/Src/buttonState.o
 .debug_macro   0x00000d37      0x215 ./Core/Src/buttonState.o
 .debug_macro   0x00000f4c       0x2e ./Core/Src/buttonState.o
 .debug_macro   0x00000f7a       0x22 ./Core/Src/buttonState.o
 .debug_macro   0x00000f9c       0x1c ./Core/Src/buttonState.o
 .debug_macro   0x00000fb8       0x22 ./Core/Src/buttonState.o
 .debug_macro   0x00000fda       0x8e ./Core/Src/buttonState.o
 .debug_macro   0x00001068       0x51 ./Core/Src/buttonState.o
 .debug_macro   0x000010b9      0x103 ./Core/Src/buttonState.o
 .debug_macro   0x000011bc       0x6a ./Core/Src/buttonState.o
 .debug_macro   0x00001226      0x1df ./Core/Src/buttonState.o
 .debug_macro   0x00001405       0x1c ./Core/Src/buttonState.o
 .debug_macro   0x00001421       0x22 ./Core/Src/buttonState.o
 .debug_macro   0x00001443       0xbd ./Core/Src/buttonState.o
 .debug_macro   0x00001500      0xd23 ./Core/Src/buttonState.o
 .debug_macro   0x00002223     0xe09e ./Core/Src/buttonState.o
 .debug_macro   0x000102c1       0x6d ./Core/Src/buttonState.o
 .debug_macro   0x0001032e     0x34a2 ./Core/Src/buttonState.o
 .debug_macro   0x000137d0      0x190 ./Core/Src/buttonState.o
 .debug_macro   0x00013960       0x5c ./Core/Src/buttonState.o
 .debug_macro   0x000139bc      0x5bc ./Core/Src/buttonState.o
 .debug_macro   0x00013f78      0x289 ./Core/Src/buttonState.o
 .debug_macro   0x00014201      0x1cb ./Core/Src/buttonState.o
 .debug_macro   0x000143cc      0x114 ./Core/Src/buttonState.o
 .debug_macro   0x000144e0      0x1b2 ./Core/Src/buttonState.o
 .debug_macro   0x00014692       0x27 ./Core/Src/buttonState.o
 .debug_macro   0x000146b9      0x136 ./Core/Src/buttonState.o
 .debug_macro   0x000147ef      0x1bc ./Core/Src/buttonState.o
 .debug_macro   0x000149ab       0x34 ./Core/Src/buttonState.o
 .debug_macro   0x000149df       0x3c ./Core/Src/buttonState.o
 .debug_macro   0x00014a1b       0x57 ./Core/Src/buttonState.o
 .debug_macro   0x00014a72       0x87 ./Core/Src/buttonState.o
 .debug_macro   0x00014af9      0x240 ./Core/Src/buttonState.o
 .debug_macro   0x00014d39      0x140 ./Core/Src/buttonState.o
 .debug_macro   0x00014e79      0x8ed ./Core/Src/buttonState.o
 .debug_macro   0x00015766       0x83 ./Core/Src/buttonState.o
 .debug_macro   0x000157e9       0x58 ./Core/Src/buttonState.o
 .debug_macro   0x00015841      0x1b2 ./Core/Src/gpio.o
 .debug_macro   0x000159f3      0xaa8 ./Core/Src/gpio.o
 .debug_macro   0x0001649b      0xd23 ./Core/Src/gpio.o
 .debug_macro   0x000171be      0x189 ./Core/Src/gpio.o
 .debug_macro   0x00017347      0x1ca ./Core/Src/main.o
 .debug_macro   0x00017511      0x3a0 ./Core/Src/player.o
 .debug_macro   0x000178b1      0x1d6 ./Core/Src/player.o
 .debug_macro   0x00017a87       0x10 ./Core/Src/player.o
 .debug_macro   0x00017a97      0x417 ./Core/Src/player.o
 .debug_macro   0x00017eae       0x1c ./Core/Src/player.o
 .debug_macro   0x00017eca       0x18 ./Core/Src/player.o
 .debug_macro   0x00017ee2       0x4f ./Core/Src/player.o
 .debug_macro   0x00017f31       0x41 ./Core/Src/player.o
 .debug_macro   0x00017f72       0x1f ./Core/Src/player.o
 .debug_macro   0x00017f91       0x18 ./Core/Src/player.o
 .debug_macro   0x00017fa9       0x19 ./Core/Src/player.o
 .debug_macro   0x00017fc2       0x28 ./Core/Src/player.o
 .debug_macro   0x00017fea       0x2e ./Core/Src/player.o
 .debug_macro   0x00018018       0x19 ./Core/Src/player.o
 .debug_macro   0x00018031       0x88 ./Core/Src/player.o
 .debug_macro   0x000180b9       0x19 ./Core/Src/player.o
 .debug_macro   0x000180d2       0x2c ./Core/Src/player.o
 .debug_macro   0x000180fe       0x11 ./Core/Src/player.o
 .debug_macro   0x0001810f       0x10 ./Core/Src/player.o
 .debug_macro   0x0001811f       0x11 ./Core/Src/player.o
 .debug_macro   0x00018130       0x11 ./Core/Src/player.o
 .debug_macro   0x00018141       0x11 ./Core/Src/player.o
 .debug_macro   0x00018152       0x1c ./Core/Src/player.o
 .debug_macro   0x0001816e      0x1a8 ./Core/Src/stm32f1xx_hal_msp.o
 .debug_macro   0x00018316      0x1b2 ./Core/Src/stm32f1xx_it.o
 .debug_macro   0x000184c8      0x274 ./Core/Src/syscalls.o
 .debug_macro   0x0001873c       0x5b ./Core/Src/syscalls.o
 .debug_macro   0x00018797       0x24 ./Core/Src/syscalls.o
 .debug_macro   0x000187bb       0x94 ./Core/Src/syscalls.o
 .debug_macro   0x0001884f       0x43 ./Core/Src/syscalls.o
 .debug_macro   0x00018892       0x34 ./Core/Src/syscalls.o
 .debug_macro   0x000188c6       0x57 ./Core/Src/syscalls.o
 .debug_macro   0x0001891d      0x369 ./Core/Src/syscalls.o
 .debug_macro   0x00018c86       0x16 ./Core/Src/syscalls.o
 .debug_macro   0x00018c9c       0x43 ./Core/Src/syscalls.o
 .debug_macro   0x00018cdf       0x34 ./Core/Src/syscalls.o
 .debug_macro   0x00018d13       0x10 ./Core/Src/syscalls.o
 .debug_macro   0x00018d23       0x58 ./Core/Src/syscalls.o
 .debug_macro   0x00018d7b       0x8e ./Core/Src/syscalls.o
 .debug_macro   0x00018e09       0x1c ./Core/Src/syscalls.o
 .debug_macro   0x00018e25      0x177 ./Core/Src/syscalls.o
 .debug_macro   0x00018f9c       0x10 ./Core/Src/syscalls.o
 .debug_macro   0x00018fac       0x35 ./Core/Src/syscalls.o
 .debug_macro   0x00018fe1       0x10 ./Core/Src/syscalls.o
 .debug_macro   0x00018ff1       0x10 ./Core/Src/syscalls.o
 .debug_macro   0x00019001       0x10 ./Core/Src/syscalls.o
 .debug_macro   0x00019011       0x1c ./Core/Src/syscalls.o
 .debug_macro   0x0001902d       0x52 ./Core/Src/syscalls.o
 .debug_macro   0x0001907f       0x22 ./Core/Src/syscalls.o
 .debug_macro   0x000190a1       0x10 ./Core/Src/syscalls.o
 .debug_macro   0x000190b1       0x52 ./Core/Src/syscalls.o
 .debug_macro   0x00019103       0xcf ./Core/Src/syscalls.o
 .debug_macro   0x000191d2       0x1c ./Core/Src/syscalls.o
 .debug_macro   0x000191ee       0x3d ./Core/Src/syscalls.o
 .debug_macro   0x0001922b       0x35 ./Core/Src/syscalls.o
 .debug_macro   0x00019260      0x12c ./Core/Src/syscalls.o
 .debug_macro   0x0001938c       0x16 ./Core/Src/syscalls.o
 .debug_macro   0x000193a2       0x16 ./Core/Src/syscalls.o
 .debug_macro   0x000193b8       0x29 ./Core/Src/syscalls.o
 .debug_macro   0x000193e1       0x10 ./Core/Src/syscalls.o
 .debug_macro   0x000193f1      0x242 ./Core/Src/syscalls.o
 .debug_macro   0x00019633       0x1c ./Core/Src/syscalls.o
 .debug_macro   0x0001964f       0x10 ./Core/Src/syscalls.o
 .debug_macro   0x0001965f       0x10 ./Core/Src/syscalls.o
 .debug_macro   0x0001966f       0x16 ./Core/Src/syscalls.o
 .debug_macro   0x00019685      0x146 ./Core/Src/syscalls.o
 .debug_macro   0x000197cb      0x18a ./Core/Src/syscalls.o
 .debug_macro   0x00019955       0x16 ./Core/Src/syscalls.o
 .debug_macro   0x0001996b       0xce ./Core/Src/syscalls.o
 .debug_macro   0x00019a39       0xff ./Core/Src/sysmem.o
 .debug_macro   0x00019b38      0x23c ./Core/Src/sysmem.o
 .debug_macro   0x00019d74      0x199 ./Core/Src/system_stm32f1xx.o
 .debug_macro   0x00019f0d      0x1b2 ./Core/Src/tim.o
 .debug_macro   0x0001a0bf      0x1bd ./Drivers/STM32F1xx_HAL_Driver/Src/stm32f1xx_hal.o
 .debug_macro   0x0001a27c      0x199 ./Drivers/STM32F1xx_HAL_Driver/Src/stm32f1xx_hal_cortex.o
 .debug_macro   0x0001a415      0x204 ./Drivers/STM32F1xx_HAL_Driver/Src/stm32f1xx_hal_gpio.o
 .debug_macro   0x0001a619      0x1ab ./Drivers/STM32F1xx_HAL_Driver/Src/stm32f1xx_hal_rcc.o
 .debug_macro   0x0001a7c4      0x19a ./Drivers/STM32F1xx_HAL_Driver/Src/stm32f1xx_hal_tim.o
 .debug_macro   0x0001a95e      0x199 ./Drivers/STM32F1xx_HAL_Driver/Src/stm32f1xx_hal_tim_ex.o

.debug_line     0x00000000     0xdb3c
 .debug_line    0x00000000      0x6f5 ./Core/Src/buttonState.o
 .debug_line    0x000006f5      0x70c ./Core/Src/gpio.o
 .debug_line    0x00000e01      0x773 ./Core/Src/main.o
 .debug_line    0x00001574     0x1ede ./Core/Src/player.o
 .debug_line    0x00003452      0x6e5 ./Core/Src/stm32f1xx_hal_msp.o
 .debug_line    0x00003b37      0x80b ./Core/Src/stm32f1xx_it.o
 .debug_line    0x00004342      0x8a8 ./Core/Src/syscalls.o
 .debug_line    0x00004bea      0x579 ./Core/Src/sysmem.o
 .debug_line    0x00005163      0x763 ./Core/Src/system_stm32f1xx.o
 .debug_line    0x000058c6      0x79c ./Core/Src/tim.o
 .debug_line    0x00006062       0x78 ./Core/Startup/startup_stm32f103rbtx.o
 .debug_line    0x000060da      0x990 ./Drivers/STM32F1xx_HAL_Driver/Src/stm32f1xx_hal.o
 .debug_line    0x00006a6a      0xb7c ./Drivers/STM32F1xx_HAL_Driver/Src/stm32f1xx_hal_cortex.o
 .debug_line    0x000075e6      0xa29 ./Drivers/STM32F1xx_HAL_Driver/Src/stm32f1xx_hal_gpio.o
 .debug_line    0x0000800f      0xd99 ./Drivers/STM32F1xx_HAL_Driver/Src/stm32f1xx_hal_rcc.o
 .debug_line    0x00008da8     0x34b5 ./Drivers/STM32F1xx_HAL_Driver/Src/stm32f1xx_hal_tim.o
 .debug_line    0x0000c25d     0x18df ./Drivers/STM32F1xx_HAL_Driver/Src/stm32f1xx_hal_tim_ex.o

.debug_str      0x00000000    0x91a19
 .debug_str     0x00000000    0x81d40 ./Core/Src/buttonState.o
                              0x8208f (size before relaxing)
 .debug_str     0x00081d40      0x50c ./Core/Src/gpio.o
                              0x81f1d (size before relaxing)
 .debug_str     0x0008224c      0x608 ./Core/Src/main.o
                              0x8220b (size before relaxing)
 .debug_str     0x00082854     0x7886 ./Core/Src/player.o
                              0x89aeb (size before relaxing)
 .debug_str     0x0008a0da       0x5a ./Core/Src/stm32f1xx_hal_msp.o
                              0x81bda (size before relaxing)
 .debug_str     0x0008a134      0x12c ./Core/Src/stm32f1xx_it.o
                              0x81c66 (size before relaxing)
 .debug_str     0x0008a260     0x5782 ./Core/Src/syscalls.o
                               0x9861 (size before relaxing)
 .debug_str     0x0008f9e2       0x75 ./Core/Src/sysmem.o
                               0x6079 (size before relaxing)
 .debug_str     0x0008fa57       0x7e ./Core/Src/system_stm32f1xx.o
                              0x81ad2 (size before relaxing)
 .debug_str     0x0008fad5      0x1ea ./Core/Src/tim.o
                              0x822f3 (size before relaxing)