C:\ST\STM32CubeIDE_1.17.0\STM32CubeIDE\plugins\com.st.stm32cube.ide.mcu.externaltools.gnu-tools-for-stm32.12.3.rel1.win32_1.1.0.202410251130\tools\bin/../lib/gcc/arm-none-eabi/12.3.1/../../../../arm-none-eabi/include/c++/12.3.1/new:174:33:void* operator new(std::size_t, void*)	16	static
C:\ST\STM32CubeIDE_1.17.0\STM32CubeIDE\plugins\com.st.stm32cube.ide.mcu.externaltools.gnu-tools-for-stm32.12.3.rel1.win32_1.1.0.202410251130\tools\bin/../lib/gcc/arm-none-eabi/12.3.1/../../../../arm-none-eabi/include/c++/12.3.1/bits/stl_deque.h:96:3:constexpr std::size_t std::__deque_buf_size(size_t)	16	static
../Core/Src/player.cpp:23:6:int handle_button_trigger()	24	static
../Core/Src/player.cpp:60:9:int32_t get_arr(note)	16	static
../Core/Src/player.cpp:73:6:void play_tune()	24	static
../Core/Src/player.cpp:89:6:void loop()	24	static
../Core/Src/player.cpp:115:6:void HAL_GPIO_EXTI_Callback(uint16_t)	72	static
C:\ST\STM32CubeIDE_1.17.0\STM32CubeIDE\plugins\com.st.stm32cube.ide.mcu.externaltools.gnu-tools-for-stm32.12.3.rel1.win32_1.1.0.202410251130\tools\bin/../lib/gcc/arm-none-eabi/12.3.1/../../../../arm-none-eabi/include/c++/12.3.1/bits/stl_deque.h:855:7:std::deque<_Tp, _Alloc>::deque() [with _Tp = buttonState; _Alloc = std::allocator<buttonState>]	16	static
C:\ST\STM32CubeIDE_1.17.0\STM32CubeIDE\plugins\com.st.stm32cube.ide.mcu.externaltools.gnu-tools-for-stm32.12.3.rel1.win32_1.1.0.202410251130\tools\bin/../lib/gcc/arm-none-eabi/12.3.1/../../../../arm-none-eabi/include/c++/12.3.1/bits/stl_stack.h:162:2:std::stack<_Tp, _Sequence>::stack() [with _Seq = std::deque<buttonState, std::allocator<buttonState> >; _Requires = void; _Tp = buttonState; _Sequence = std::deque<buttonState, std::allocator<buttonState> >]	16	static
C:\ST\STM32CubeIDE_1.17.0\STM32CubeIDE\plugins\com.st.stm32cube.ide.mcu.externaltools.gnu-tools-for-stm32.12.3.rel1.win32_1.1.0.202410251130\tools\bin/../lib/gcc/arm-none-eabi/12.3.1/../../../../arm-none-eabi/include/c++/12.3.1/bits/stl_stack.h:217:7:bool std::stack<_Tp, _Sequence>::empty() const [with _Tp = buttonState; _Sequence = std::deque<buttonState, std::allocator<buttonState> >]	16	static
C:\ST\STM32CubeIDE_1.17.0\STM32CubeIDE\plugins\com.st.stm32cube.ide.mcu.externaltools.gnu-tools-for-stm32.12.3.rel1.win32_1.1.0.202410251130\tools\bin/../lib/gcc/arm-none-eabi/12.3.1/../../../../arm-none-eabi/include/c++/12.3.1/bits/stl_stack.h:232:7:std::stack<_Tp, _Sequence>::reference std::stack<_Tp, _Sequence>::top() [with _Tp = buttonState; _Sequence = std::deque<buttonState, std::allocator<buttonState> >]	16	static
C:\ST\STM32CubeIDE_1.17.0\STM32CubeIDE\plugins\com.st.stm32cube.ide.mcu.externaltools.gnu-tools-for-stm32.12.3.rel1.win32_1.1.0.202410251130\tools\bin/../lib/gcc/arm-none-eabi/12.3.1/../../../../arm-none-eabi/include/c++/12.3.1/bits/stl_stack.h:293:7:void std::stack<_Tp, _Sequence>::pop() [with _Tp = buttonState; _Sequence = std::deque<buttonState, std::allocator<buttonState> >]	16	static
C:\ST\STM32CubeIDE_1.17.0\STM32CubeIDE\plugins\com.st.stm32cube.ide.mcu.externaltools.gnu-tools-for-stm32.12.3.rel1.win32_1.1.0.202410251130\tools\bin/../lib/gcc/arm-none-eabi/12.3.1/../../../../arm-none-eabi/include/c++/12.3.1/bits/stl_stack.h:260:7:void std::stack<_Tp, _Sequence>::push(const value_type&) [with _Tp = buttonState; _Sequence = std::deque<buttonState, std::allocator<buttonState> >]	16	static
C:\ST\STM32CubeIDE_1.17.0\STM32CubeIDE\plugins\com.st.stm32cube.ide.mcu.externaltools.gnu-tools-for-stm32.12.3.rel1.win32_1.1.0.202410251130\tools\bin/../lib/gcc/arm-none-eabi/12.3.1/../../../../arm-none-eabi/include/c++/12.3.1/bits/stl_deque.h:542:14:std::_Deque_base<buttonState, std::allocator<buttonState> >::_Deque_impl::~_Deque_impl()	16	static
C:\ST\STM32CubeIDE_1.17.0\STM32CubeIDE\plugins\com.st.stm32cube.ide.mcu.externaltools.gnu-tools-for-stm32.12.3.rel1.win32_1.1.0.202410251130\tools\bin/../lib/gcc/arm-none-eabi/12.3.1/../../../../arm-none-eabi/include/c++/12.3.1/bits/stl_deque.h:458:7:std::_Deque_base<_Tp, _Alloc>::_Deque_base() [with _Tp = buttonState; _Alloc = std::allocator<buttonState>]	16	static
C:\ST\STM32CubeIDE_1.17.0\STM32CubeIDE\plugins\com.st.stm32cube.ide.mcu.externaltools.gnu-tools-for-stm32.12.3.rel1.win32_1.1.0.202410251130\tools\bin/../lib/gcc/arm-none-eabi/12.3.1/../../../../arm-none-eabi/include/c++/12.3.1/bits/stl_deque.h:617:5:std::_Deque_base<_Tp, _Alloc>::~_Deque_base() [with _Tp = buttonState; _Alloc = std::allocator<buttonState>]	16	static
C:\ST\STM32CubeIDE_1.17.0\STM32CubeIDE\plugins\com.st.stm32cube.ide.mcu.externaltools.gnu-tools-for-stm32.12.3.rel1.win32_1.1.0.202410251130\tools\bin/../lib/gcc/arm-none-eabi/12.3.1/../../../../arm-none-eabi/include/c++/12.3.1/bits/stl_deque.h:1027:7:std::deque<_Tp, _Alloc>::~deque() [with _Tp = buttonState; _Alloc = std::allocator<buttonState>]	48	static
C:\ST\STM32CubeIDE_1.17.0\STM32CubeIDE\plugins\com.st.stm32cube.ide.mcu.externaltools.gnu-tools-for-stm32.12.3.rel1.win32_1.1.0.202410251130\tools\bin/../lib/gcc/arm-none-eabi/12.3.1/../../../../arm-none-eabi/include/c++/12.3.1/bits/stl_deque.h:1347:7:bool std::deque<_Tp, _Alloc>::empty() const [with _Tp = buttonState; _Alloc = std::allocator<buttonState>]	16	static
C:\ST\STM32CubeIDE_1.17.0\STM32CubeIDE\plugins\com.st.stm32cube.ide.mcu.externaltools.gnu-tools-for-stm32.12.3.rel1.win32_1.1.0.202410251130\tools\bin/../lib/gcc/arm-none-eabi/12.3.1/../../../../arm-none-eabi/include/c++/12.3.1/bits/stl_deque.h:1468:7:std::deque<_Tp, _Alloc>::reference std::deque<_Tp, _Alloc>::back() [with _Tp = buttonState; _Alloc = std::allocator<buttonState>]	32	static
C:\ST\STM32CubeIDE_1.17.0\STM32CubeIDE\plugins\com.st.stm32cube.ide.mcu.externaltools.gnu-tools-for-stm32.12.3.rel1.win32_1.1.0.202410251130\tools\bin/../lib/gcc/arm-none-eabi/12.3.1/../../../../arm-none-eabi/include/c++/12.3.1/bits/stl_deque.h:1597:7:void std::deque<_Tp, _Alloc>::pop_back() [with _Tp = buttonState; _Alloc = std::allocator<buttonState>]	16	static
C:\ST\STM32CubeIDE_1.17.0\STM32CubeIDE\plugins\com.st.stm32cube.ide.mcu.externaltools.gnu-tools-for-stm32.12.3.rel1.win32_1.1.0.202410251130\tools\bin/../lib/gcc/arm-none-eabi/12.3.1/../../../../arm-none-eabi/include/c++/12.3.1/bits/stl_deque.h:1538:7:void std::deque<_Tp, _Alloc>::push_back(const value_type&) [with _Tp = buttonState; _Alloc = std::allocator<buttonState>]	16	static
C:\ST\STM32CubeIDE_1.17.0\STM32CubeIDE\plugins\com.st.stm32cube.ide.mcu.externaltools.gnu-tools-for-stm32.12.3.rel1.win32_1.1.0.202410251130\tools\bin/../lib/gcc/arm-none-eabi/12.3.1/../../../../arm-none-eabi/include/c++/12.3.1/bits/stl_deque.h:545:2:std::_Deque_base<_Tp, _Alloc>::_Deque_impl::_Deque_impl() [with _Tp = buttonState; _Alloc = std::allocator<buttonState>]	16	static
C:\ST\STM32CubeIDE_1.17.0\STM32CubeIDE\plugins\com.st.stm32cube.ide.mcu.externaltools.gnu-tools-for-stm32.12.3.rel1.win32_1.1.0.202410251130\tools\bin/../lib/gcc/arm-none-eabi/12.3.1/../../../../arm-none-eabi/include/c++/12.3.1/bits/allocator.h:174:7:std::allocator< <template-parameter-1-1> >::~allocator() [with _Tp = buttonState]	16	static
C:\ST\STM32CubeIDE_1.17.0\STM32CubeIDE\plugins\com.st.stm32cube.ide.mcu.externaltools.gnu-tools-for-stm32.12.3.rel1.win32_1.1.0.202410251130\tools\bin/../lib/gcc/arm-none-eabi/12.3.1/../../../../arm-none-eabi/include/c++/12.3.1/bits/stl_deque.h:638:5:void std::_Deque_base<_Tp, _Alloc>::_M_initialize_map(std::size_t) [with _Tp = buttonState; _Alloc = std::allocator<buttonState>]	48	static
C:\ST\STM32CubeIDE_1.17.0\STM32CubeIDE\plugins\com.st.stm32cube.ide.mcu.externaltools.gnu-tools-for-stm32.12.3.rel1.win32_1.1.0.202410251130\tools\bin/../lib/gcc/arm-none-eabi/12.3.1/../../../../arm-none-eabi/include/c++/12.3.1/bits/stl_deque.h:695:5:void std::_Deque_base<_Tp, _Alloc>::_M_destroy_nodes(_Map_pointer, _Map_pointer) [with _Tp = buttonState; _Alloc = std::allocator<buttonState>]	32	static
C:\ST\STM32CubeIDE_1.17.0\STM32CubeIDE\plugins\com.st.stm32cube.ide.mcu.externaltools.gnu-tools-for-stm32.12.3.rel1.win32_1.1.0.202410251130\tools\bin/../lib/gcc/arm-none-eabi/12.3.1/../../../../arm-none-eabi/include/c++/12.3.1/bits/stl_deque.h:601:7:void std::_Deque_base<_Tp, _Alloc>::_M_deallocate_map(_Map_pointer, std::size_t) [with _Tp = buttonState; _Alloc = std::allocator<buttonState>]	32	static
C:\ST\STM32CubeIDE_1.17.0\STM32CubeIDE\plugins\com.st.stm32cube.ide.mcu.externaltools.gnu-tools-for-stm32.12.3.rel1.win32_1.1.0.202410251130\tools\bin/../lib/gcc/arm-none-eabi/12.3.1/../../../../arm-none-eabi/include/c++/12.3.1/bits/stl_deque.h:1151:7:std::deque<_Tp, _Alloc>::iterator std::deque<_Tp, _Alloc>::begin() [with _Tp = buttonState; _Alloc = std::allocator<buttonState>]	16	static
C:\ST\STM32CubeIDE_1.17.0\STM32CubeIDE\plugins\com.st.stm32cube.ide.mcu.externaltools.gnu-tools-for-stm32.12.3.rel1.win32_1.1.0.202410251130\tools\bin/../lib/gcc/arm-none-eabi/12.3.1/../../../../arm-none-eabi/include/c++/12.3.1/bits/stl_deque.h:1170:7:std::deque<_Tp, _Alloc>::iterator std::deque<_Tp, _Alloc>::end() [with _Tp = buttonState; _Alloc = std::allocator<buttonState>]	16	static
C:\ST\STM32CubeIDE_1.17.0\STM32CubeIDE\plugins\com.st.stm32cube.ide.mcu.externaltools.gnu-tools-for-stm32.12.3.rel1.win32_1.1.0.202410251130\tools\bin/../lib/gcc/arm-none-eabi/12.3.1/../../../../arm-none-eabi/include/c++/12.3.1/bits/stl_deque.h:568:7:std::_Deque_base<_Tp, _Alloc>::_Tp_alloc_type& std::_Deque_base<_Tp, _Alloc>::_M_get_Tp_allocator() [with _Tp = buttonState; _Alloc = std::allocator<buttonState>]	16	static
C:\ST\STM32CubeIDE_1.17.0\STM32CubeIDE\plugins\com.st.stm32cube.ide.mcu.externaltools.gnu-tools-for-stm32.12.3.rel1.win32_1.1.0.202410251130\tools\bin/../lib/gcc/arm-none-eabi/12.3.1/../../../../arm-none-eabi/include/c++/12.3.1/bits/stl_deque.h:168:7:std::_Deque_iterator<_Tp, _Ref, _Ptr>::_Deque_iterator(const std::_Deque_iterator<_Tp, _Ref, _Ptr>&) [with _Tp = buttonState; _Ref = buttonState&; _Ptr = buttonState*]	16	static
C:\ST\STM32CubeIDE_1.17.0\STM32CubeIDE\plugins\com.st.stm32cube.ide.mcu.externaltools.gnu-tools-for-stm32.12.3.rel1.win32_1.1.0.202410251130\tools\bin/../lib/gcc/arm-none-eabi/12.3.1/../../../../arm-none-eabi/include/c++/12.3.1/bits/stl_deque.h:2087:7:void std::deque<_Tp, _Alloc>::_M_destroy_data(iterator, iterator, const std::allocator<_Tp1>&) [with _Tp = buttonState; _Alloc = std::allocator<buttonState>]	56	static
C:\ST\STM32CubeIDE_1.17.0\STM32CubeIDE\plugins\com.st.stm32cube.ide.mcu.externaltools.gnu-tools-for-stm32.12.3.rel1.win32_1.1.0.202410251130\tools\bin/../lib/gcc/arm-none-eabi/12.3.1/../../../../arm-none-eabi/include/c++/12.3.1/bits/stl_deque.h:272:7:bool std::operator==(const _Deque_iterator<buttonState, buttonState&, buttonState*>::_Self&, const _Deque_iterator<buttonState, buttonState&, buttonState*>::_Self&)	16	static
C:\ST\STM32CubeIDE_1.17.0\STM32CubeIDE\plugins\com.st.stm32cube.ide.mcu.externaltools.gnu-tools-for-stm32.12.3.rel1.win32_1.1.0.202410251130\tools\bin/../lib/gcc/arm-none-eabi/12.3.1/../../../../arm-none-eabi/include/c++/12.3.1/bits/stl_deque.h:210:7:std::_Deque_iterator<_Tp, _Ref, _Ptr>::_Self& std::_Deque_iterator<_Tp, _Ref, _Ptr>::operator--() [with _Tp = buttonState; _Ref = buttonState&; _Ptr = buttonState*]	16	static
C:\ST\STM32CubeIDE_1.17.0\STM32CubeIDE\plugins\com.st.stm32cube.ide.mcu.externaltools.gnu-tools-for-stm32.12.3.rel1.win32_1.1.0.202410251130\tools\bin/../lib/gcc/arm-none-eabi/12.3.1/../../../../arm-none-eabi/include/c++/12.3.1/bits/stl_deque.h:181:7:std::_Deque_iterator<_Tp, _Ref, _Ptr>::reference std::_Deque_iterator<_Tp, _Ref, _Ptr>::operator*() const [with _Tp = buttonState; _Ref = buttonState&; _Ptr = buttonState*]	16	static
C:\ST\STM32CubeIDE_1.17.0\STM32CubeIDE\plugins\com.st.stm32cube.ide.mcu.externaltools.gnu-tools-for-stm32.12.3.rel1.win32_1.1.0.202410251130\tools\bin/../lib/gcc/arm-none-eabi/12.3.1/../../../../arm-none-eabi/include/c++/12.3.1/bits/alloc_traits.h:531:2:static void std::allocator_traits<std::allocator<_Tp1> >::destroy(allocator_type&, _Up*) [with _Up = buttonState; _Tp = buttonState]	16	static
C:\ST\STM32CubeIDE_1.17.0\STM32CubeIDE\plugins\com.st.stm32cube.ide.mcu.externaltools.gnu-tools-for-stm32.12.3.rel1.win32_1.1.0.202410251130\tools\bin/../lib/gcc/arm-none-eabi/12.3.1/../../../../arm-none-eabi/include/c++/12.3.1/bits/deque.tcc:560:10:void std::deque<_Tp, _Alloc>::_M_pop_back_aux() [with _Tp = buttonState; _Alloc = std::allocator<buttonState>]	16	static
C:\ST\STM32CubeIDE_1.17.0\STM32CubeIDE\plugins\com.st.stm32cube.ide.mcu.externaltools.gnu-tools-for-stm32.12.3.rel1.win32_1.1.0.202410251130\tools\bin/../lib/gcc/arm-none-eabi/12.3.1/../../../../arm-none-eabi/include/c++/12.3.1/bits/alloc_traits.h:511:2:) [with _Up = buttonState; _Args = {const buttonState&}; _Tp = buttonState]	24	static
C:\ST\STM32CubeIDE_1.17.0\STM32CubeIDE\plugins\com.st.stm32cube.ide.mcu.externaltools.gnu-tools-for-stm32.12.3.rel1.win32_1.1.0.202410251130\tools\bin/../lib/gcc/arm-none-eabi/12.3.1/../../../../arm-none-eabi/include/c++/12.3.1/bits/deque.tcc:484:7:) [with _Args = {const buttonState&}; _Tp = buttonState; _Alloc = std::allocator<buttonState>]	24	static
C:\ST\STM32CubeIDE_1.17.0\STM32CubeIDE\plugins\com.st.stm32cube.ide.mcu.externaltools.gnu-tools-for-stm32.12.3.rel1.win32_1.1.0.202410251130\tools\bin/../lib/gcc/arm-none-eabi/12.3.1/../../../../arm-none-eabi/include/c++/12.3.1/bits/allocator.h:156:7:std::allocator< <template-parameter-1-1> >::allocator() [with _Tp = buttonState]	16	static
C:\ST\STM32CubeIDE_1.17.0\STM32CubeIDE\plugins\com.st.stm32cube.ide.mcu.externaltools.gnu-tools-for-stm32.12.3.rel1.win32_1.1.0.202410251130\tools\bin/../lib/gcc/arm-none-eabi/12.3.1/../../../../arm-none-eabi/include/c++/12.3.1/bits/stl_deque.h:516:2:std::_Deque_base<_Tp, _Alloc>::_Deque_impl_data::_Deque_impl_data() [with _Tp = buttonState; _Alloc = std::allocator<buttonState>]	16	static
C:\ST\STM32CubeIDE_1.17.0\STM32CubeIDE\plugins\com.st.stm32cube.ide.mcu.externaltools.gnu-tools-for-stm32.12.3.rel1.win32_1.1.0.202410251130\tools\arm-none-eabi\include\c++\12.3.1\bits\new_allocator.h:90:7:std::__new_allocator<_Tp>::~__new_allocator() [with _Tp = buttonState]	16	static
C:\ST\STM32CubeIDE_1.17.0\STM32CubeIDE\plugins\com.st.stm32cube.ide.mcu.externaltools.gnu-tools-for-stm32.12.3.rel1.win32_1.1.0.202410251130\tools\bin/../lib/gcc/arm-none-eabi/12.3.1/../../../../arm-none-eabi/include/c++/12.3.1/bits/stl_algobase.h:254:5:constexpr const _Tp& std::max(const _Tp&, const _Tp&) [with _Tp = unsigned int]	16	static
C:\ST\STM32CubeIDE_1.17.0\STM32CubeIDE\plugins\com.st.stm32cube.ide.mcu.externaltools.gnu-tools-for-stm32.12.3.rel1.win32_1.1.0.202410251130\tools\bin/../lib/gcc/arm-none-eabi/12.3.1/../../../../arm-none-eabi/include/c++/12.3.1/bits/stl_deque.h:594:7:std::_Deque_base<_Tp, _Alloc>::_Map_pointer std::_Deque_base<_Tp, _Alloc>::_M_allocate_map(std::size_t) [with _Tp = buttonState; _Alloc = std::allocator<buttonState>]	32	static
C:\ST\STM32CubeIDE_1.17.0\STM32CubeIDE\plugins\com.st.stm32cube.ide.mcu.externaltools.gnu-tools-for-stm32.12.3.rel1.win32_1.1.0.202410251130\tools\bin/../lib/gcc/arm-none-eabi/12.3.1/../../../../arm-none-eabi/include/c++/12.3.1/bits/stl_deque.h:677:5:void std::_Deque_base<_Tp, _Alloc>::_M_create_nodes(_Map_pointer, _Map_pointer) [with _Tp = buttonState; _Alloc = std::allocator<buttonState>]	32	static
C:\ST\STM32CubeIDE_1.17.0\STM32CubeIDE\plugins\com.st.stm32cube.ide.mcu.externaltools.gnu-tools-for-stm32.12.3.rel1.win32_1.1.0.202410251130\tools\bin/../lib/gcc/arm-none-eabi/12.3.1/../../../../arm-none-eabi/include/c++/12.3.1/bits/stl_deque.h:263:7:void std::_Deque_iterator<_Tp, _Ref, _Ptr>::_M_set_node(_Map_pointer) [with _Tp = buttonState; _Ref = buttonState&; _Ptr = buttonState*]	24	static
C:\ST\STM32CubeIDE_1.17.0\STM32CubeIDE\plugins\com.st.stm32cube.ide.mcu.externaltools.gnu-tools-for-stm32.12.3.rel1.win32_1.1.0.202410251130\tools\bin/../lib/gcc/arm-none-eabi/12.3.1/../../../../arm-none-eabi/include/c++/12.3.1/bits/stl_deque.h:587:7:void std::_Deque_base<_Tp, _Alloc>::_M_deallocate_node(_Ptr) [with _Tp = buttonState; _Alloc = std::allocator<buttonState>]	24	static
C:\ST\STM32CubeIDE_1.17.0\STM32CubeIDE\plugins\com.st.stm32cube.ide.mcu.externaltools.gnu-tools-for-stm32.12.3.rel1.win32_1.1.0.202410251130\tools\bin/../lib/gcc/arm-none-eabi/12.3.1/../../../../arm-none-eabi/include/c++/12.3.1/bits/stl_deque.h:576:7:std::_Deque_base<_Tp, _Alloc>::_Map_alloc_type std::_Deque_base<_Tp, _Alloc>::_M_get_map_allocator() const [with _Tp = buttonState; _Alloc = std::allocator<buttonState>]	16	static
C:\ST\STM32CubeIDE_1.17.0\STM32CubeIDE\plugins\com.st.stm32cube.ide.mcu.externaltools.gnu-tools-for-stm32.12.3.rel1.win32_1.1.0.202410251130\tools\bin/../lib/gcc/arm-none-eabi/12.3.1/../../../../arm-none-eabi/include/c++/12.3.1/bits/allocator.h:174:7:std::allocator< <template-parameter-1-1> >::~allocator() [with _Tp = buttonState*]	16	static
C:\ST\STM32CubeIDE_1.17.0\STM32CubeIDE\plugins\com.st.stm32cube.ide.mcu.externaltools.gnu-tools-for-stm32.12.3.rel1.win32_1.1.0.202410251130\tools\bin/../lib/gcc/arm-none-eabi/12.3.1/../../../../arm-none-eabi/include/c++/12.3.1/bits/alloc_traits.h:495:7:static void std::allocator_traits<std::allocator<_Tp1> >::deallocate(allocator_type&, pointer, size_type) [with _Tp = buttonState*]	24	static
C:\ST\STM32CubeIDE_1.17.0\STM32CubeIDE\plugins\com.st.stm32cube.ide.mcu.externaltools.gnu-tools-for-stm32.12.3.rel1.win32_1.1.0.202410251130\tools\arm-none-eabi\include\c++\12.3.1\bits\new_allocator.h:179:2:void std::__new_allocator<_Tp>::destroy(_Up*) [with _Up = buttonState; _Tp = buttonState]	16	static
C:\ST\STM32CubeIDE_1.17.0\STM32CubeIDE\plugins\com.st.stm32cube.ide.mcu.externaltools.gnu-tools-for-stm32.12.3.rel1.win32_1.1.0.202410251130\tools\bin/../lib/gcc/arm-none-eabi/12.3.1/../../../../arm-none-eabi/include/c++/12.3.1/bits/move.h:77:5:constexpr _Tp&& std::forward(typename remove_reference<_Tp>::type&) [with _Tp = const buttonState&]	16	static
C:\ST\STM32CubeIDE_1.17.0\STM32CubeIDE\plugins\com.st.stm32cube.ide.mcu.externaltools.gnu-tools-for-stm32.12.3.rel1.win32_1.1.0.202410251130\tools\arm-none-eabi\include\c++\12.3.1\bits\new_allocator.h:173:2:) [with _Up = buttonState; _Args = {const buttonState&}; _Tp = buttonState]	32	static
C:\ST\STM32CubeIDE_1.17.0\STM32CubeIDE\plugins\com.st.stm32cube.ide.mcu.externaltools.gnu-tools-for-stm32.12.3.rel1.win32_1.1.0.202410251130\tools\bin/../lib/gcc/arm-none-eabi/12.3.1/../../../../arm-none-eabi/include/c++/12.3.1/bits/stl_deque.h:1268:7:std::deque<_Tp, _Alloc>::size_type std::deque<_Tp, _Alloc>::size() const [with _Tp = buttonState; _Alloc = std::allocator<buttonState>]	16	static
C:\ST\STM32CubeIDE_1.17.0\STM32CubeIDE\plugins\com.st.stm32cube.ide.mcu.externaltools.gnu-tools-for-stm32.12.3.rel1.win32_1.1.0.202410251130\tools\bin/../lib/gcc/arm-none-eabi/12.3.1/../../../../arm-none-eabi/include/c++/12.3.1/bits/stl_deque.h:1274:7:std::deque<_Tp, _Alloc>::size_type std::deque<_Tp, _Alloc>::max_size() const [with _Tp = buttonState; _Alloc = std::allocator<buttonState>]	16	static
C:\ST\STM32CubeIDE_1.17.0\STM32CubeIDE\plugins\com.st.stm32cube.ide.mcu.externaltools.gnu-tools-for-stm32.12.3.rel1.win32_1.1.0.202410251130\tools\bin/../lib/gcc/arm-none-eabi/12.3.1/../../../../arm-none-eabi/include/c++/12.3.1/bits/stl_deque.h:2168:7:void std::deque<_Tp, _Alloc>::_M_reserve_map_at_back(size_type) [with _Tp = buttonState; _Alloc = std::allocator<buttonState>]	16	static
C:\ST\STM32CubeIDE_1.17.0\STM32CubeIDE\plugins\com.st.stm32cube.ide.mcu.externaltools.gnu-tools-for-stm32.12.3.rel1.win32_1.1.0.202410251130\tools\bin/../lib/gcc/arm-none-eabi/12.3.1/../../../../arm-none-eabi/include/c++/12.3.1/bits/stl_deque.h:580:7:std::_Deque_base<_Tp, _Alloc>::_Ptr std::_Deque_base<_Tp, _Alloc>::_M_allocate_node() [with _Tp = buttonState; _Alloc = std::allocator<buttonState>]	24	static
C:\ST\STM32CubeIDE_1.17.0\STM32CubeIDE\plugins\com.st.stm32cube.ide.mcu.externaltools.gnu-tools-for-stm32.12.3.rel1.win32_1.1.0.202410251130\tools\arm-none-eabi\include\c++\12.3.1\bits\new_allocator.h:80:7:std::__new_allocator<_Tp>::__new_allocator() [with _Tp = buttonState]	16	static
C:\ST\STM32CubeIDE_1.17.0\STM32CubeIDE\plugins\com.st.stm32cube.ide.mcu.externaltools.gnu-tools-for-stm32.12.3.rel1.win32_1.1.0.202410251130\tools\bin/../lib/gcc/arm-none-eabi/12.3.1/../../../../arm-none-eabi/include/c++/12.3.1/bits/stl_deque.h:151:7:std::_Deque_iterator<_Tp, _Ref, _Ptr>::_Deque_iterator() [with _Tp = buttonState; _Ref = buttonState&; _Ptr = buttonState*]	16	static
C:\ST\STM32CubeIDE_1.17.0\STM32CubeIDE\plugins\com.st.stm32cube.ide.mcu.externaltools.gnu-tools-for-stm32.12.3.rel1.win32_1.1.0.202410251130\tools\bin/../lib/gcc/arm-none-eabi/12.3.1/../../../../arm-none-eabi/include/c++/12.3.1/bits/alloc_traits.h:463:7:static _Tp* std::allocator_traits<std::allocator<_Tp1> >::allocate(allocator_type&, size_type) [with _Tp = buttonState*]	16	static
C:\ST\STM32CubeIDE_1.17.0\STM32CubeIDE\plugins\com.st.stm32cube.ide.mcu.externaltools.gnu-tools-for-stm32.12.3.rel1.win32_1.1.0.202410251130\tools\bin/../lib/gcc/arm-none-eabi/12.3.1/../../../../arm-none-eabi/include/c++/12.3.1/bits/stl_deque.h:131:21:static std::size_t std::_Deque_iterator<_Tp, _Ref, _Ptr>::_S_buffer_size() [with _Tp = buttonState; _Ref = buttonState&; _Ptr = buttonState*]	8	static
C:\ST\STM32CubeIDE_1.17.0\STM32CubeIDE\plugins\com.st.stm32cube.ide.mcu.externaltools.gnu-tools-for-stm32.12.3.rel1.win32_1.1.0.202410251130\tools\bin/../lib/gcc/arm-none-eabi/12.3.1/../../../../arm-none-eabi/include/c++/12.3.1/bits/alloc_traits.h:495:7:static void std::allocator_traits<std::allocator<_Tp1> >::deallocate(allocator_type&, pointer, size_type) [with _Tp = buttonState]	24	static
C:\ST\STM32CubeIDE_1.17.0\STM32CubeIDE\plugins\com.st.stm32cube.ide.mcu.externaltools.gnu-tools-for-stm32.12.3.rel1.win32_1.1.0.202410251130\tools\bin/../lib/gcc/arm-none-eabi/12.3.1/../../../../arm-none-eabi/include/c++/12.3.1/bits/stl_deque.h:572:7:const std::_Deque_base<_Tp, _Alloc>::_Tp_alloc_type& std::_Deque_base<_Tp, _Alloc>::_M_get_Tp_allocator() const [with _Tp = buttonState; _Alloc = std::allocator<buttonState>]	16	static
C:\ST\STM32CubeIDE_1.17.0\STM32CubeIDE\plugins\com.st.stm32cube.ide.mcu.externaltools.gnu-tools-for-stm32.12.3.rel1.win32_1.1.0.202410251130\tools\bin/../lib/gcc/arm-none-eabi/12.3.1/../../../../arm-none-eabi/include/c++/12.3.1/bits/allocator.h:169:2:std::allocator< <template-parameter-1-1> >::allocator(const std::allocator<_Tp1>&) [with _Tp1 = buttonState; _Tp = buttonState*]	16	static
C:\ST\STM32CubeIDE_1.17.0\STM32CubeIDE\plugins\com.st.stm32cube.ide.mcu.externaltools.gnu-tools-for-stm32.12.3.rel1.win32_1.1.0.202410251130\tools\arm-none-eabi\include\c++\12.3.1\bits\new_allocator.h:90:7:std::__new_allocator<_Tp>::~__new_allocator() [with _Tp = buttonState*]	16	static
C:\ST\STM32CubeIDE_1.17.0\STM32CubeIDE\plugins\com.st.stm32cube.ide.mcu.externaltools.gnu-tools-for-stm32.12.3.rel1.win32_1.1.0.202410251130\tools\arm-none-eabi\include\c++\12.3.1\bits\new_allocator.h:142:7:void std::__new_allocator<_Tp>::deallocate(_Tp*, size_type) [with _Tp = buttonState*]	24	static
C:\ST\STM32CubeIDE_1.17.0\STM32CubeIDE\plugins\com.st.stm32cube.ide.mcu.externaltools.gnu-tools-for-stm32.12.3.rel1.win32_1.1.0.202410251130\tools\bin/../lib/gcc/arm-none-eabi/12.3.1/../../../../arm-none-eabi/include/c++/12.3.1/bits/stl_deque.h:370:7:std::_Deque_iterator<buttonState, buttonState&, buttonState*>::difference_type std::operator-(const _Deque_iterator<buttonState, buttonState&, buttonState*>::_Self&, const _Deque_iterator<buttonState, buttonState&, buttonState*>::_Self&)	16	static
C:\ST\STM32CubeIDE_1.17.0\STM32CubeIDE\plugins\com.st.stm32cube.ide.mcu.externaltools.gnu-tools-for-stm32.12.3.rel1.win32_1.1.0.202410251130\tools\bin/../lib/gcc/arm-none-eabi/12.3.1/../../../../arm-none-eabi/include/c++/12.3.1/bits/stl_deque.h:1876:7:static std::deque<_Tp, _Alloc>::size_type std::deque<_Tp, _Alloc>::_S_max_size(const _Tp_alloc_type&) [with _Tp = buttonState; _Alloc = std::allocator<buttonState>]	24	static
C:\ST\STM32CubeIDE_1.17.0\STM32CubeIDE\plugins\com.st.stm32cube.ide.mcu.externaltools.gnu-tools-for-stm32.12.3.rel1.win32_1.1.0.202410251130\tools\bin/../lib/gcc/arm-none-eabi/12.3.1/../../../../arm-none-eabi/include/c++/12.3.1/bits/deque.tcc:931:5:void std::deque<_Tp, _Alloc>::_M_reallocate_map(size_type, bool) [with _Tp = buttonState; _Alloc = std::allocator<buttonState>]	56	static
C:\ST\STM32CubeIDE_1.17.0\STM32CubeIDE\plugins\com.st.stm32cube.ide.mcu.externaltools.gnu-tools-for-stm32.12.3.rel1.win32_1.1.0.202410251130\tools\bin/../lib/gcc/arm-none-eabi/12.3.1/../../../../arm-none-eabi/include/c++/12.3.1/bits/alloc_traits.h:463:7:static _Tp* std::allocator_traits<std::allocator<_Tp1> >::allocate(allocator_type&, size_type) [with _Tp = buttonState]	16	static
C:\ST\STM32CubeIDE_1.17.0\STM32CubeIDE\plugins\com.st.stm32cube.ide.mcu.externaltools.gnu-tools-for-stm32.12.3.rel1.win32_1.1.0.202410251130\tools\arm-none-eabi\include\c++\12.3.1\bits\new_allocator.h:112:7:_Tp* std::__new_allocator<_Tp>::allocate(size_type, const void*) [with _Tp = buttonState*]	24	static
C:\ST\STM32CubeIDE_1.17.0\STM32CubeIDE\plugins\com.st.stm32cube.ide.mcu.externaltools.gnu-tools-for-stm32.12.3.rel1.win32_1.1.0.202410251130\tools\arm-none-eabi\include\c++\12.3.1\bits\new_allocator.h:142:7:void std::__new_allocator<_Tp>::deallocate(_Tp*, size_type) [with _Tp = buttonState]	24	static
C:\ST\STM32CubeIDE_1.17.0\STM32CubeIDE\plugins\com.st.stm32cube.ide.mcu.externaltools.gnu-tools-for-stm32.12.3.rel1.win32_1.1.0.202410251130\tools\arm-none-eabi\include\c++\12.3.1\bits\new_allocator.h:80:7:std::__new_allocator<_Tp>::__new_allocator() [with _Tp = buttonState*]	16	static
C:\ST\STM32CubeIDE_1.17.0\STM32CubeIDE\plugins\com.st.stm32cube.ide.mcu.externaltools.gnu-tools-for-stm32.12.3.rel1.win32_1.1.0.202410251130\tools\bin/../lib/gcc/arm-none-eabi/12.3.1/../../../../arm-none-eabi/include/c++/12.3.1/bits/alloc_traits.h:547:7:static std::allocator_traits<std::allocator<_Tp1> >::size_type std::allocator_traits<std::allocator<_Tp1> >::max_size(const allocator_type&) [with _Tp = buttonState]	16	static
C:\ST\STM32CubeIDE_1.17.0\STM32CubeIDE\plugins\com.st.stm32cube.ide.mcu.externaltools.gnu-tools-for-stm32.12.3.rel1.win32_1.1.0.202410251130\tools\bin/../lib/gcc/arm-none-eabi/12.3.1/../../../../arm-none-eabi/include/c++/12.3.1/bits/stl_algobase.h:230:5:constexpr const _Tp& std::min(const _Tp&, const _Tp&) [with _Tp = unsigned int]	16	static
C:\ST\STM32CubeIDE_1.17.0\STM32CubeIDE\plugins\com.st.stm32cube.ide.mcu.externaltools.gnu-tools-for-stm32.12.3.rel1.win32_1.1.0.202410251130\tools\bin/../lib/gcc/arm-none-eabi/12.3.1/../../../../arm-none-eabi/include/c++/12.3.1/bits/stl_algobase.h:611:5:_OI std::copy(_II, _II, _OI) [with _II = buttonState**; _OI = buttonState**]	32	static
C:\ST\STM32CubeIDE_1.17.0\STM32CubeIDE\plugins\com.st.stm32cube.ide.mcu.externaltools.gnu-tools-for-stm32.12.3.rel1.win32_1.1.0.202410251130\tools\bin/../lib/gcc/arm-none-eabi/12.3.1/../../../../arm-none-eabi/include/c++/12.3.1/bits/stl_algobase.h:848:5:_BI2 std::copy_backward(_BI1, _BI1, _BI2) [with _BI1 = buttonState**; _BI2 = buttonState**]	32	static
C:\ST\STM32CubeIDE_1.17.0\STM32CubeIDE\plugins\com.st.stm32cube.ide.mcu.externaltools.gnu-tools-for-stm32.12.3.rel1.win32_1.1.0.202410251130\tools\arm-none-eabi\include\c++\12.3.1\bits\new_allocator.h:112:7:_Tp* std::__new_allocator<_Tp>::allocate(size_type, const void*) [with _Tp = buttonState]	24	static
C:\ST\STM32CubeIDE_1.17.0\STM32CubeIDE\plugins\com.st.stm32cube.ide.mcu.externaltools.gnu-tools-for-stm32.12.3.rel1.win32_1.1.0.202410251130\tools\arm-none-eabi\include\c++\12.3.1\bits\new_allocator.h:210:7:constexpr std::__new_allocator<_Tp>::size_type std::__new_allocator<_Tp>::_M_max_size() const [with _Tp = buttonState*]	16	static
C:\ST\STM32CubeIDE_1.17.0\STM32CubeIDE\plugins\com.st.stm32cube.ide.mcu.externaltools.gnu-tools-for-stm32.12.3.rel1.win32_1.1.0.202410251130\tools\arm-none-eabi\include\c++\12.3.1\bits\new_allocator.h:167:7:std::__new_allocator<_Tp>::size_type std::__new_allocator<_Tp>::max_size() const [with _Tp = buttonState]	16	static
C:\ST\STM32CubeIDE_1.17.0\STM32CubeIDE\plugins\com.st.stm32cube.ide.mcu.externaltools.gnu-tools-for-stm32.12.3.rel1.win32_1.1.0.202410251130\tools\arm-none-eabi\include\c++\12.3.1\bits\cpp_type_traits.h:562:5:_Iterator std::__miter_base(_Iterator) [with _Iterator = buttonState**]	16	static
C:\ST\STM32CubeIDE_1.17.0\STM32CubeIDE\plugins\com.st.stm32cube.ide.mcu.externaltools.gnu-tools-for-stm32.12.3.rel1.win32_1.1.0.202410251130\tools\bin/../lib/gcc/arm-none-eabi/12.3.1/../../../../arm-none-eabi/include/c++/12.3.1/bits/stl_algobase.h:527:5:_OI std::__copy_move_a(_II, _II, _OI) [with bool _IsMove = false; _II = buttonState**; _OI = buttonState**]	32	static
C:\ST\STM32CubeIDE_1.17.0\STM32CubeIDE\plugins\com.st.stm32cube.ide.mcu.externaltools.gnu-tools-for-stm32.12.3.rel1.win32_1.1.0.202410251130\tools\bin/../lib/gcc/arm-none-eabi/12.3.1/../../../../arm-none-eabi/include/c++/12.3.1/bits/stl_algobase.h:796:5:_OI std::__copy_move_backward_a(_II, _II, _OI) [with bool _IsMove = false; _II = buttonState**; _OI = buttonState**]	32	static
C:\ST\STM32CubeIDE_1.17.0\STM32CubeIDE\plugins\com.st.stm32cube.ide.mcu.externaltools.gnu-tools-for-stm32.12.3.rel1.win32_1.1.0.202410251130\tools\arm-none-eabi\include\c++\12.3.1\bits\new_allocator.h:210:7:constexpr std::__new_allocator<_Tp>::size_type std::__new_allocator<_Tp>::_M_max_size() const [with _Tp = buttonState]	16	static
C:\ST\STM32CubeIDE_1.17.0\STM32CubeIDE\plugins\com.st.stm32cube.ide.mcu.externaltools.gnu-tools-for-stm32.12.3.rel1.win32_1.1.0.202410251130\tools\bin/../lib/gcc/arm-none-eabi/12.3.1/../../../../arm-none-eabi/include/c++/12.3.1/bits/stl_algobase.h:313:5:_Iterator std::__niter_base(_Iterator) [with _Iterator = buttonState**]	16	static
C:\ST\STM32CubeIDE_1.17.0\STM32CubeIDE\plugins\com.st.stm32cube.ide.mcu.externaltools.gnu-tools-for-stm32.12.3.rel1.win32_1.1.0.202410251130\tools\bin/../lib/gcc/arm-none-eabi/12.3.1/../../../../arm-none-eabi/include/c++/12.3.1/bits/stl_algobase.h:521:5:_OI std::__copy_move_a1(_II, _II, _OI) [with bool _IsMove = false; _II = buttonState**; _OI = buttonState**]	24	static
C:\ST\STM32CubeIDE_1.17.0\STM32CubeIDE\plugins\com.st.stm32cube.ide.mcu.externaltools.gnu-tools-for-stm32.12.3.rel1.win32_1.1.0.202410251130\tools\bin/../lib/gcc/arm-none-eabi/12.3.1/../../../../arm-none-eabi/include/c++/12.3.1/bits/stl_algobase.h:335:5:_Iterator std::__niter_wrap(const _Iterator&, _Iterator) [with _Iterator = buttonState**]	16	static
C:\ST\STM32CubeIDE_1.17.0\STM32CubeIDE\plugins\com.st.stm32cube.ide.mcu.externaltools.gnu-tools-for-stm32.12.3.rel1.win32_1.1.0.202410251130\tools\bin/../lib/gcc/arm-none-eabi/12.3.1/../../../../arm-none-eabi/include/c++/12.3.1/bits/stl_algobase.h:768:5:_BI2 std::__copy_move_backward_a1(_BI1, _BI1, _BI2) [with bool _IsMove = false; _BI1 = buttonState**; _BI2 = buttonState**]	24	static
C:\ST\STM32CubeIDE_1.17.0\STM32CubeIDE\plugins\com.st.stm32cube.ide.mcu.externaltools.gnu-tools-for-stm32.12.3.rel1.win32_1.1.0.202410251130\tools\bin/../lib/gcc/arm-none-eabi/12.3.1/../../../../arm-none-eabi/include/c++/12.3.1/bits/stl_algobase.h:486:5:_OI std::__copy_move_a2(_II, _II, _OI) [with bool _IsMove = false; _II = buttonState**; _OI = buttonState**]	24	static
C:\ST\STM32CubeIDE_1.17.0\STM32CubeIDE\plugins\com.st.stm32cube.ide.mcu.externaltools.gnu-tools-for-stm32.12.3.rel1.win32_1.1.0.202410251130\tools\bin/../lib/gcc/arm-none-eabi/12.3.1/../../../../arm-none-eabi/include/c++/12.3.1/bits/stl_algobase.h:750:5:_BI2 std::__copy_move_backward_a2(_BI1, _BI1, _BI2) [with bool _IsMove = false; _BI1 = buttonState**; _BI2 = buttonState**]	24	static
C:\ST\STM32CubeIDE_1.17.0\STM32CubeIDE\plugins\com.st.stm32cube.ide.mcu.externaltools.gnu-tools-for-stm32.12.3.rel1.win32_1.1.0.202410251130\tools\bin/../lib/gcc/arm-none-eabi/12.3.1/../../../../arm-none-eabi/include/c++/12.3.1/bits/stl_algobase.h:420:2:static _Tp* std::__copy_move<_IsMove, true, std::random_access_iterator_tag>::__copy_m(const _Tp*, const _Tp*, _Tp*) [with _Tp = buttonState*; bool _IsMove = false]	32	static
C:\ST\STM32CubeIDE_1.17.0\STM32CubeIDE\plugins\com.st.stm32cube.ide.mcu.externaltools.gnu-tools-for-stm32.12.3.rel1.win32_1.1.0.202410251130\tools\bin/../lib/gcc/arm-none-eabi/12.3.1/../../../../arm-none-eabi/include/c++/12.3.1/bits/stl_algobase.h:731:2:static _Tp* std::__copy_move_backward<_IsMove, true, std::random_access_iterator_tag>::__copy_move_b(const _Tp*, const _Tp*, _Tp*) [with _Tp = buttonState*; bool _IsMove = false]	32	static
C:\ST\STM32CubeIDE_1.17.0\STM32CubeIDE\plugins\com.st.stm32cube.ide.mcu.externaltools.gnu-tools-for-stm32.12.3.rel1.win32_1.1.0.202410251130\tools\bin/../lib/gcc/arm-none-eabi/12.3.1/../../../../arm-none-eabi/include/c++/12.3.1/bits/stl_stack.h:99:11:std::stack<buttonState>::~stack()	16	static
../Core/Src/player.cpp:170:1:void __static_initialization_and_destruction_0(int, int)	16	static
../Core/Src/player.cpp:170:1:cpp)	8	static
../Core/Src/player.cpp:170:1:cpp)	8	static
